Archive member included to satisfy reference by file (symbol)

d:/appfile/mounriver/mounriver_studio/toolchain/risc-v embedded gcc/bin/../lib/gcc/riscv-none-embed/8.2.0/rv32imac/ilp32\libgcc.a(_divdi3.o)
                              ./H_Lib/H_String.o (__divdi3)
d:/appfile/mounriver/mounriver_studio/toolchain/risc-v embedded gcc/bin/../lib/gcc/riscv-none-embed/8.2.0/rv32imac/ilp32\libgcc.a(_moddi3.o)
                              ./H_Lib/H_String.o (__moddi3)
d:/appfile/mounriver/mounriver_studio/toolchain/risc-v embedded gcc/bin/../lib/gcc/riscv-none-embed/8.2.0/rv32imac/ilp32\libgcc.a(divdf3.o)
                              ./Application/Test.o (__divdf3)
d:/appfile/mounriver/mounriver_studio/toolchain/risc-v embedded gcc/bin/../lib/gcc/riscv-none-embed/8.2.0/rv32imac/ilp32\libgcc.a(ledf2.o)
                              ./Application/systick.o (__ltdf2)
d:/appfile/mounriver/mounriver_studio/toolchain/risc-v embedded gcc/bin/../lib/gcc/riscv-none-embed/8.2.0/rv32imac/ilp32\libgcc.a(muldf3.o)
                              ./Application/Test.o (__muldf3)
d:/appfile/mounriver/mounriver_studio/toolchain/risc-v embedded gcc/bin/../lib/gcc/riscv-none-embed/8.2.0/rv32imac/ilp32\libgcc.a(floatsidf.o)
                              ./Application/Test.o (__floatsidf)
d:/appfile/mounriver/mounriver_studio/toolchain/risc-v embedded gcc/bin/../lib/gcc/riscv-none-embed/8.2.0/rv32imac/ilp32\libgcc.a(floatunsidf.o)
                              ./Application/systick.o (__floatunsidf)
d:/appfile/mounriver/mounriver_studio/toolchain/risc-v embedded gcc/bin/../lib/gcc/riscv-none-embed/8.2.0/rv32imac/ilp32\libgcc.a(floatundidf.o)
                              ./Application/systick.o (__floatundidf)
d:/appfile/mounriver/mounriver_studio/toolchain/risc-v embedded gcc/bin/../lib/gcc/riscv-none-embed/8.2.0/rv32imac/ilp32\libgcc.a(addsf3.o)
                              ./Application/Test.o (__addsf3)
d:/appfile/mounriver/mounriver_studio/toolchain/risc-v embedded gcc/bin/../lib/gcc/riscv-none-embed/8.2.0/rv32imac/ilp32\libgcc.a(divsf3.o)
                              ./Application/Test.o (__divsf3)
d:/appfile/mounriver/mounriver_studio/toolchain/risc-v embedded gcc/bin/../lib/gcc/riscv-none-embed/8.2.0/rv32imac/ilp32\libgcc.a(mulsf3.o)
                              ./Application/Test.o (__mulsf3)
d:/appfile/mounriver/mounriver_studio/toolchain/risc-v embedded gcc/bin/../lib/gcc/riscv-none-embed/8.2.0/rv32imac/ilp32\libgcc.a(subsf3.o)
                              ./Application/Test.o (__subsf3)
d:/appfile/mounriver/mounriver_studio/toolchain/risc-v embedded gcc/bin/../lib/gcc/riscv-none-embed/8.2.0/rv32imac/ilp32\libgcc.a(floatsisf.o)
                              ./Application/Test.o (__floatsisf)
d:/appfile/mounriver/mounriver_studio/toolchain/risc-v embedded gcc/bin/../lib/gcc/riscv-none-embed/8.2.0/rv32imac/ilp32\libgcc.a(floatunsisf.o)
                              ./Application/Test.o (__floatunsisf)
d:/appfile/mounriver/mounriver_studio/toolchain/risc-v embedded gcc/bin/../lib/gcc/riscv-none-embed/8.2.0/rv32imac/ilp32\libgcc.a(extendsfdf2.o)
                              ./Application/Test.o (__extendsfdf2)
d:/appfile/mounriver/mounriver_studio/toolchain/risc-v embedded gcc/bin/../lib/gcc/riscv-none-embed/8.2.0/rv32imac/ilp32\libgcc.a(_clz.o)
                              d:/appfile/mounriver/mounriver_studio/toolchain/risc-v embedded gcc/bin/../lib/gcc/riscv-none-embed/8.2.0/rv32imac/ilp32\libgcc.a(_divdi3.o) (__clz_tab)
d:/appfile/mounriver/mounriver_studio/toolchain/risc-v embedded gcc/bin/../lib/gcc/riscv-none-embed/8.2.0/rv32imac/ilp32\libgcc.a(_clzsi2.o)
                              d:/appfile/mounriver/mounriver_studio/toolchain/risc-v embedded gcc/bin/../lib/gcc/riscv-none-embed/8.2.0/rv32imac/ilp32\libgcc.a(divdf3.o) (__clzsi2)
d:/appfile/mounriver/mounriver_studio/toolchain/risc-v embedded gcc/bin/../lib/gcc/riscv-none-embed/8.2.0/../../../../riscv-none-embed/lib/rv32imac/ilp32\libg_nano.a(lib_a-atexit.o)
                              ./RISCV/env_Eclipse/start.o (atexit)
d:/appfile/mounriver/mounriver_studio/toolchain/risc-v embedded gcc/bin/../lib/gcc/riscv-none-embed/8.2.0/../../../../riscv-none-embed/lib/rv32imac/ilp32\libg_nano.a(lib_a-exit.o)
                              ./RISCV/env_Eclipse/start.o (exit)
d:/appfile/mounriver/mounriver_studio/toolchain/risc-v embedded gcc/bin/../lib/gcc/riscv-none-embed/8.2.0/../../../../riscv-none-embed/lib/rv32imac/ilp32\libg_nano.a(lib_a-fini.o)
                              ./RISCV/env_Eclipse/start.o (__libc_fini_array)
d:/appfile/mounriver/mounriver_studio/toolchain/risc-v embedded gcc/bin/../lib/gcc/riscv-none-embed/8.2.0/../../../../riscv-none-embed/lib/rv32imac/ilp32\libg_nano.a(lib_a-impure.o)
                              d:/appfile/mounriver/mounriver_studio/toolchain/risc-v embedded gcc/bin/../lib/gcc/riscv-none-embed/8.2.0/../../../../riscv-none-embed/lib/rv32imac/ilp32\libg_nano.a(lib_a-exit.o) (_global_impure_ptr)
[...]
Memory Configuration

Name             Origin             Length             Attributes
FLASH            0x0000000008000000 0x0000000000020000 xr
RAM              0x0000000020000000 0x0000000000008000 xw
*default*        0x0000000000000000 0xffffffffffffffff

Linker script and memory map

LOAD ./RISCV/stubs/_exit.o
LOAD ./RISCV/stubs/close.o
LOAD ./RISCV/stubs/fstat.o
LOAD ./RISCV/stubs/isatty.o
LOAD ./RISCV/stubs/lseek.o
LOAD ./RISCV/stubs/read.o
LOAD ./RISCV/stubs/sbrk.o
LOAD ./RISCV/stubs/write.o
LOAD ./RISCV/stubs/write_hex.o
LOAD ./RISCV/env_Eclipse/entry.o
LOAD ./RISCV/env_Eclipse/handlers.o
LOAD ./RISCV/env_Eclipse/init.o
LOAD ./RISCV/env_Eclipse/start.o
LOAD ./RISCV/env_Eclipse/your_printf.o
LOAD ./RISCV/drivers/n200_func.o
LOAD ./Package/NET_Interface/NET_Interface.o
LOAD ./Package/NET_Interface/NET_Interface_Ext.o
LOAD ./Package/H_Stream/H_Reader.o
LOAD ./Package/H_Stream/H_Reader_Ext.o
LOAD ./Package/H_Stream/H_Stream.o
LOAD ./Package/H_Stream/H_Stream_Ext.o
LOAD ./Package/H_Stream/H_Writer.o
LOAD ./Package/H_Stream/H_Writer_Ext.o
LOAD ./Package/H_FIFO_Builder/H_FIFO_Builder.o
LOAD ./H_ThreadScheduler/LL/H_ThreadScheduler_LL.o
LOAD ./H_ThreadScheduler/LL/H_ThreadScheduler_LL_ASM.o
LOAD ./H_ThreadScheduler/LL/H_ThreadScheduler_LL_Ext.o
LOAD ./H_ThreadScheduler/LL/H_ThreadScheduler_Memory.o
LOAD ./H_ThreadScheduler/API/H_ThreadScheduler.o
LOAD ./H_ThreadScheduler/API/H_ThreadScheduler_BinarySemaphore.o
LOAD ./H_ThreadScheduler/API/H_ThreadScheduler_Core.o
LOAD ./H_ThreadScheduler/API/H_ThreadScheduler_Core_Ext.o
LOAD ./H_ThreadScheduler/API/H_ThreadScheduler_Ext.o
LOAD ./H_ThreadScheduler/API/H_ThreadScheduler_Lock.o
LOAD ./H_ThreadScheduler/API/H_ThreadScheduler_Mailbox.o
LOAD ./H_ThreadScheduler/API/H_ThreadScheduler_MessageQueue.o
LOAD ./H_ThreadScheduler/API/H_ThreadScheduler_Semaphore.o
LOAD ./H_ThreadScheduler/API/H_ThreadScheduler_Thread.o
LOAD ./H_ThreadScheduler/API/H_ThreadScheduler_Thread_Ext.o
LOAD ./H_Lib/H_FIFO.o
LOAD ./H_Lib/H_FIFO_byte.o
LOAD ./H_Lib/H_FIFO_uint16.o
LOAD ./H_Lib/H_FIFO_uint32.o
LOAD ./H_Lib/H_FIFO_uint64.o
LOAD ./H_Lib/H_Graphics.o
LOAD ./H_Lib/H_Icon.o
LOAD ./H_Lib/H_Malloc.o
LOAD ./H_Lib/H_Memory.o
LOAD ./H_Lib/H_MemoryMalloc.o
LOAD ./H_Lib/H_String.o
LOAD ./GD32VF103_Peripherals/Source/gd32vf103_adc.o
LOAD ./GD32VF103_Peripherals/Source/gd32vf103_bkp.o
LOAD ./GD32VF103_Peripherals/Source/gd32vf103_can.o
LOAD ./GD32VF103_Peripherals/Source/gd32vf103_crc.o
LOAD ./GD32VF103_Peripherals/Source/gd32vf103_dac.o
LOAD ./GD32VF103_Peripherals/Source/gd32vf103_dbg.o
LOAD ./GD32VF103_Peripherals/Source/gd32vf103_dma.o
LOAD ./GD32VF103_Peripherals/Source/gd32vf103_eclic.o
LOAD ./GD32VF103_Peripherals/Source/gd32vf103_exmc.o
LOAD ./GD32VF103_Peripherals/Source/gd32vf103_exti.o
LOAD ./GD32VF103_Peripherals/Source/gd32vf103_fmc.o
LOAD ./GD32VF103_Peripherals/Source/gd32vf103_fwdgt.o
LOAD ./GD32VF103_Peripherals/Source/gd32vf103_gpio.o
LOAD ./GD32VF103_Peripherals/Source/gd32vf103_i2c.o
LOAD ./GD32VF103_Peripherals/Source/gd32vf103_pmu.o
LOAD ./GD32VF103_Peripherals/Source/gd32vf103_rcu.o
LOAD ./GD32VF103_Peripherals/Source/gd32vf103_rtc.o
LOAD ./GD32VF103_Peripherals/Source/gd32vf103_spi.o
LOAD ./GD32VF103_Peripherals/Source/gd32vf103_timer.o
LOAD ./GD32VF103_Peripherals/Source/gd32vf103_usart.o
LOAD ./GD32VF103_Peripherals/Source/gd32vf103_wwdgt.o
LOAD ./GD32VF103_Peripherals/system_gd32vf103.o
LOAD ./BSP/MemoryMalloc/MemoryMalloc.o
LOAD ./BSP/MemoryMalloc/MemoryMalloc_SRAM.o
LOAD ./BSP/InternalPeripherals/IP/IP_DMA.o
LOAD ./BSP/InternalPeripherals/IP/IP_DMA_Ext.o
LOAD ./BSP/InternalPeripherals/IP/IP_USART.o
LOAD ./BSP/InternalPeripherals/IP/IP_USART_Ext.o
LOAD ./BSP/InternalPeripherals/HAL/dma.o
LOAD ./BSP/InternalPeripherals/HAL/gpio.o
LOAD ./BSP/InternalPeripherals/HAL/usart.o
LOAD ./BSP/Instance/I_DebugPort.o
LOAD ./BSP/Instance/Peripherals_Instence.o
LOAD ./BSP/Peripheral.o
LOAD ./Application/H_Printf.o
LOAD ./Application/Test.o
LOAD ./Application/gd32vf103_it.o
LOAD ./Application/gd32vf103_it_ASM.o
LOAD ./Application/gd32xxx_Time.o
LOAD ./Application/gd32xxx_it.o
LOAD ./Application/main.o
LOAD ./Application/systick.o
LOAD d:/appfile/mounriver/mounriver_studio/toolchain/risc-v embedded gcc/bin/../lib/gcc/riscv-none-embed/8.2.0/rv32imac/ilp32\libgcc.a
LOAD d:/appfile/mounriver/mounriver_studio/toolchain/risc-v embedded gcc/bin/../lib/gcc/riscv-none-embed/8.2.0/../../../../riscv-none-embed/lib/rv32imac/ilp32\libg_nano.a
LOAD d:/appfile/mounriver/mounriver_studio/toolchain/risc-v embedded gcc/bin/../lib/gcc/riscv-none-embed/8.2.0/../../../../riscv-none-embed/lib/rv32imac/ilp32\libc_nano.a
LOAD d:/appfile/mounriver/mounriver_studio/toolchain/risc-v embedded gcc/bin/../lib/gcc/riscv-none-embed/8.2.0/rv32imac/ilp32\libgcc.a
START GROUP
LOAD d:/appfile/mounriver/mounriver_studio/toolchain/risc-v embedded gcc/bin/../lib/gcc/riscv-none-embed/8.2.0/rv32imac/ilp32\libgcc.a
LOAD d:/appfile/mounriver/mounriver_studio/toolchain/risc-v embedded gcc/bin/../lib/gcc/riscv-none-embed/8.2.0/../../../../riscv-none-embed/lib/rv32imac/ilp32\libc_nano.a
END GROUP
                0x0000000000000800                __stack_size = DEFINED (__stack_size)?__stack_size:0x800

.init           0x0000000008000000      0x23c
 *(SORT_NONE(.init))
 .init          0x0000000008000000      0x23c ./RISCV/env_Eclipse/start.o
                0x000000000800015c                _start
                0x000000000800022e                disable_mcycle_minstret
                0x0000000008000234                enable_mcycle_minstret

.ilalign        0x000000000800023c        0x0
                0x000000000800023c                . = ALIGN (0x4)
                [!provide]                        PROVIDE (_ilm_lma = .)

.ialign         0x000000000800023c        0x0
                [!provide]                        PROVIDE (_ilm = .)

.text           0x0000000008000240     0x9408
 *(.rodata .rodata.*)
 .rodata._exit.str1.4
                0x0000000008000240       0x1f ./RISCV/stubs/_exit.o
                                         0x23 (size before relaxing)
 *fill*         0x000000000800025f        0x1 
 .rodata.write_hex.str1.4
                0x0000000008000260        0x3 ./RISCV/stubs/write_hex.o
 *fill*         0x0000000008000263        0x1 
 .rodata.H_TS_Init.str1.4
                0x0000000008000264        0xe ./H_ThreadScheduler/API/H_ThreadScheduler_Thread_Ext.o
 *fill*         0x0000000008000272        0x2 
 .rodata.String_Function_E
                0x0000000008000274       0x1c ./H_Lib/H_String.o
 .rodata.String_Function_F
                0x0000000008000290       0x1c ./H_Lib/H_String.o
 .rodata.String_Functions
                0x00000000080002ac      0x200 ./H_Lib/H_String.o
 .rodata        0x00000000080004ac       0x10 ./GD32VF103_Peripherals/Source/gd32vf103_rcu.o
 .rodata.MemoryMalloc_SRAM
                0x00000000080004bc        0xc ./BSP/MemoryMalloc/MemoryMalloc_SRAM.o
                0x00000000080004bc                MemoryMalloc_SRAM
 .rodata.USART_CreateStream.str1.4
                0x00000000080004c8        0xd ./BSP/InternalPeripherals/HAL/usart.o
 *fill*         0x00000000080004d5        0x3 
 .rodata.Debug_Execute.cst4
                0x00000000080004d8        0x4 ./Application/Test.o
 *fill*         0x00000000080004dc        0x4 
 .rodata.Debug_Execute.cst8
                0x00000000080004e0        0x8 ./Application/Test.o
 .rodata.Debug_Execute.str1.4
                0x00000000080004e8      0x16b ./Application/Test.o
 *fill*         0x0000000008000653        0x1 
 .rodata.stressTest.str1.4
                0x0000000008000654       0x2e ./Application/Test.o
 *fill*         0x0000000008000682        0x2 
 .rodata.stress_Thread.cst4
                0x0000000008000684        0x8 ./Application/Test.o
 .rodata.stress_Thread.str1.4
                0x000000000800068c       0x34 ./Application/Test.o
 .rodata.app_main.str1.4
                0x00000000080006c0       0x30 ./Application/main.o
                                         0x2d (size before relaxing)
 .rodata.__divdf3
                0x00000000080006f0       0x40 d:/appfile/mounriver/mounriver_studio/toolchain/risc-v embedded gcc/bin/../lib/gcc/riscv-none-embed/8.2.0/rv32imac/ilp32\libgcc.a(divdf3.o)
 .rodata.__muldf3
                0x0000000008000730       0x40 d:/appfile/mounriver/mounriver_studio/toolchain/risc-v embedded gcc/bin/../lib/gcc/riscv-none-embed/8.2.0/rv32imac/ilp32\libgcc.a(muldf3.o)
 .rodata.__divsf3
                0x0000000008000770       0x80 d:/appfile/mounriver/mounriver_studio/toolchain/risc-v embedded gcc/bin/../lib/gcc/riscv-none-embed/8.2.0/rv32imac/ilp32\libgcc.a(divsf3.o)
 .rodata.__mulsf3
                0x00000000080007f0       0x40 d:/appfile/mounriver/mounriver_studio/toolchain/risc-v embedded gcc/bin/../lib/gcc/riscv-none-embed/8.2.0/rv32imac/ilp32\libgcc.a(mulsf3.o)
 .rodata.__clz_tab
                0x0000000008000830      0x100 d:/appfile/mounriver/mounriver_studio/toolchain/risc-v embedded gcc/bin/../lib/gcc/riscv-none-embed/8.2.0/rv32imac/ilp32\libgcc.a(_clz.o)
                0x0000000008000830                __clz_tab
 *(.text.unlikely .text.unlikely.*)
 *(.text.startup .text.startup.*)
 .text.startup.register_fini
                0x0000000008000930       0x18 d:/appfile/mounriver/mounriver_studio/toolchain/risc-v embedded gcc/bin/../lib/gcc/riscv-none-embed/8.2.0/../../../../riscv-none-embed/lib/rv32imac/ilp32\libg_nano.a(lib_a-__call_atexit.o)
 *(.text .text.*)
 .text._exit    0x0000000008000948       0x62 ./RISCV/stubs/_exit.o
                0x0000000008000948                _exit
 .text._put_char
                0x00000000080009aa       0x32 ./RISCV/stubs/write.o
                0x00000000080009aa                _put_char
 .text._write   0x00000000080009dc       0x44 ./RISCV/stubs/write.o
                0x00000000080009dc                _write
 .text.write_hex
                0x0000000008000a20       0x70 ./RISCV/stubs/write_hex.o
                0x0000000008000a20                write_hex
 *fill*         0x0000000008000a90       0x30 
 .text.trap     0x0000000008000ac0       0x7e ./RISCV/env_Eclipse/entry.o
                0x0000000008000ac0                trap_entry
 *fill*         0x0000000008000b3e        0x2 
 .text.irq      0x0000000008000b40       0x72 ./RISCV/env_Eclipse/entry.o
                0x0000000008000b40                irq_entry
 .text._init    0x0000000008000bb2       0x1a ./RISCV/env_Eclipse/init.o
                0x0000000008000bb2                _init
 .text._fini    0x0000000008000bcc        0x2 ./RISCV/env_Eclipse/init.o
                0x0000000008000bcc                _fini
 .text.mtime_lo
                0x0000000008000bce        0x8 ./RISCV/drivers/n200_func.o
                0x0000000008000bce                mtime_lo
 .text.eclic_init
                0x0000000008000bd6       0x22 ./RISCV/drivers/n200_func.o
                0x0000000008000bd6                eclic_init
 .text.eclic_enable_interrupt
                0x0000000008000bf8       0x12 ./RISCV/drivers/n200_func.o
                0x0000000008000bf8                eclic_enable_interrupt
 .text.eclic_disable_interrupt
                0x0000000008000c0a       0x10 ./RISCV/drivers/n200_func.o
                0x0000000008000c0a                eclic_disable_interrupt
 .text.eclic_set_intctrl
                0x0000000008000c1a       0x10 ./RISCV/drivers/n200_func.o
                0x0000000008000c1a                eclic_set_intctrl
 .text.eclic_get_intctrl
                0x0000000008000c2a       0x10 ./RISCV/drivers/n200_func.o
                0x0000000008000c2a                eclic_get_intctrl
 .text.eclic_set_intattr
                0x0000000008000c3a       0x10 ./RISCV/drivers/n200_func.o
                0x0000000008000c3a                eclic_set_intattr
 .text.eclic_get_intattr
                0x0000000008000c4a       0x10 ./RISCV/drivers/n200_func.o
                0x0000000008000c4a                eclic_get_intattr
 .text.eclic_set_cliccfg
                0x0000000008000c5a        0xa ./RISCV/drivers/n200_func.o
                0x0000000008000c5a                eclic_set_cliccfg
 .text.eclic_get_cliccfg
                0x0000000008000c64        0xa ./RISCV/drivers/n200_func.o
                0x0000000008000c64                eclic_get_cliccfg
 .text.eclic_set_nlbits
                0x0000000008000c6e       0x20 ./RISCV/drivers/n200_func.o
                0x0000000008000c6e                eclic_set_nlbits
 .text.eclic_get_nlbits
                0x0000000008000c8e       0x10 ./RISCV/drivers/n200_func.o
                0x0000000008000c8e                eclic_get_nlbits
 .text.eclic_set_irq_lvl_abs
                0x0000000008000c9e       0x4c ./RISCV/drivers/n200_func.o
                0x0000000008000c9e                eclic_set_irq_lvl_abs
 .text.eclic_set_irq_priority
                0x0000000008000cea       0x50 ./RISCV/drivers/n200_func.o
                0x0000000008000cea                eclic_set_irq_priority
 .text.eclic_mode_enable
                0x0000000008000d3a       0x12 ./RISCV/drivers/n200_func.o
                0x0000000008000d3a                eclic_mode_enable
 .text.eclic_set_vmode
                0x0000000008000d4c       0x1e ./RISCV/drivers/n200_func.o
                0x0000000008000d4c                eclic_set_vmode
 .text.eclic_set_nonvmode
                0x0000000008000d6a       0x1a ./RISCV/drivers/n200_func.o
                0x0000000008000d6a                eclic_set_nonvmode
 .text.eclic_set_level_trig
                0x0000000008000d84       0x1a ./RISCV/drivers/n200_func.o
                0x0000000008000d84                eclic_set_level_trig
 .text.H_Reader_Read
                0x0000000008000d9e        0xe ./Package/H_Stream/H_Reader.o
                0x0000000008000d9e                H_Reader_Read
 .text.H_Reader_GetReadBuffer
                0x0000000008000dac       0x74 ./Package/H_Stream/H_Reader.o
                0x0000000008000dac                H_Reader_GetReadBuffer
 .text.H_Reader_FreeReadBuffer
                0x0000000008000e20       0x10 ./Package/H_Stream/H_Reader.o
                0x0000000008000e20                H_Reader_FreeReadBuffer
 .text.H_Reader_Read_byte
                0x0000000008000e30       0xc0 ./Package/H_Stream/H_Reader.o
                0x0000000008000e30                H_Reader_Read_byte
 .text.H_Reader_Read_uint16
                0x0000000008000ef0       0xc8 ./Package/H_Stream/H_Reader.o
                0x0000000008000ef0                H_Reader_Read_uint16
 .text.H_Reader_Read_uint32
                0x0000000008000fb8       0xc8 ./Package/H_Stream/H_Reader.o
                0x0000000008000fb8                H_Reader_Read_uint32
 .text.H_Reader_Read_uint64
                0x0000000008001080       0xc8 ./Package/H_Stream/H_Reader.o
                0x0000000008001080                H_Reader_Read_uint64
 .text.H_Reader_LL_Input_ISR
                0x0000000008001148       0x20 ./Package/H_Stream/H_Reader.o
                0x0000000008001148                H_Reader_LL_Input_ISR
 .text.new_H_Reader
                0x0000000008001168       0xa2 ./Package/H_Stream/H_Reader_Ext.o
                0x0000000008001168                new_H_Reader
 .text.delete_H_Reader
                0x000000000800120a       0x22 ./Package/H_Stream/H_Reader_Ext.o
                0x000000000800120a                delete_H_Reader
 .text.H_Stream_Wirte
                0x000000000800122c        0xe ./Package/H_Stream/H_Stream.o
                0x000000000800122c                H_Stream_Wirte
 .text.H_Stream_Read
                0x000000000800123a        0xe ./Package/H_Stream/H_Stream.o
                0x000000000800123a                H_Stream_Read
 .text.H_Stream_LL_Input_ISR
                0x0000000008001248        0xe ./Package/H_Stream/H_Stream.o
                0x0000000008001248                H_Stream_LL_Input_ISR
 .text.H_Stream_LL_TransmitDone_ISR
                0x0000000008001256        0xe ./Package/H_Stream/H_Stream.o
                0x0000000008001256                H_Stream_LL_TransmitDone_ISR
 .text.new_H_Stream
                0x0000000008001264       0x70 ./Package/H_Stream/H_Stream_Ext.o
                0x0000000008001264                new_H_Stream
 .text.LL_Write
                0x00000000080012d4       0x6c ./Package/H_Stream/H_Writer.o
 .text.H_Writer_TransmitThread
                0x0000000008001340       0x50 ./Package/H_Stream/H_Writer.o
                0x0000000008001340                H_Writer_TransmitThread
 .text.H_Writer_Write
                0x0000000008001390       0xa4 ./Package/H_Stream/H_Writer.o
                0x0000000008001390                H_Writer_Write
 .text.H_Writer_LL_TransmitDone_ISR
                0x0000000008001434       0x14 ./Package/H_Stream/H_Writer.o
                0x0000000008001434                H_Writer_LL_TransmitDone_ISR
 .text.new_H_Writer
                0x0000000008001448       0xc4 ./Package/H_Stream/H_Writer_Ext.o
                0x0000000008001448                new_H_Writer
 .text.new_H_FIFO
                0x000000000800150c       0x70 ./Package/H_FIFO_Builder/H_FIFO_Builder.o
                0x000000000800150c                new_H_FIFO
 .text.delete_H_FIFO
                0x000000000800157c       0x12 ./Package/H_FIFO_Builder/H_FIFO_Builder.o
                0x000000000800157c                delete_H_FIFO
 .text.ThreadReturnCallback
                0x000000000800158e        0xe ./H_ThreadScheduler/LL/H_ThreadScheduler_LL.o
                0x000000000800158e                ThreadReturnCallback
 .text.H_TS_ThreadStackInit
                0x000000000800159c       0x3c ./H_ThreadScheduler/LL/H_ThreadScheduler_LL.o
                0x000000000800159c                H_TS_ThreadStackInit
 *fill*         0x00000000080015d8        0x0 
 .text          0x00000000080015d8      0x108 ./H_ThreadScheduler/LL/H_ThreadScheduler_LL_ASM.o
                0x0000000008001668                H_TS_StartFirstThread
                0x0000000008001690                eclic_msip_handler
 .text.H_TS_EnableTickCallback
                0x00000000080016e0        0xe ./H_ThreadScheduler/LL/H_ThreadScheduler_LL_Ext.o
                0x00000000080016e0                H_TS_EnableTickCallback
 .text.H_TS_LL_Init
                0x00000000080016ee       0x56 ./H_ThreadScheduler/LL/H_ThreadScheduler_LL_Ext.o
                0x00000000080016ee                H_TS_LL_Init
 .text.H_TS_Malloc
                0x0000000008001744       0x18 ./H_ThreadScheduler/LL/H_ThreadScheduler_Memory.o
                0x0000000008001744                H_TS_Malloc
 .text.H_TS_Free
                0x000000000800175c       0x18 ./H_ThreadScheduler/LL/H_ThreadScheduler_Memory.o
                0x000000000800175c                H_TS_Free
 .text.H_TS_MemoryGetInfo
                0x0000000008001774       0x3c ./H_ThreadScheduler/LL/H_ThreadScheduler_Memory.o
                0x0000000008001774                H_TS_MemoryGetInfo
 .text.H_TS_MemoryInit
                0x00000000080017b0       0x1a ./H_ThreadScheduler/LL/H_ThreadScheduler_Memory.o
                0x00000000080017b0                H_TS_MemoryInit
 .text.H_TS_MemoryErrorCallback
                0x00000000080017ca       0x1e ./H_ThreadScheduler/LL/H_ThreadScheduler_Memory.o
                0x00000000080017ca                H_TS_MemoryErrorCallback
 .text.H_TS_TickCallback
                0x00000000080017e8       0xec ./H_ThreadScheduler/API/H_ThreadScheduler.o
                0x00000000080017e8                H_TS_TickCallback
 .text.H_TS_RunThread_Refresh
                0x00000000080018d4      0x3d8 ./H_ThreadScheduler/API/H_ThreadScheduler.o
                0x00000000080018d4                H_TS_RunThread_Refresh
 .text.H_TS_BinarySemaphoreGive_ISR
                0x0000000008001cac      0x102 ./H_ThreadScheduler/API/H_ThreadScheduler_BinarySemaphore.o
                0x0000000008001cac                H_TS_BinarySemaphoreGive_ISR
 .text.H_TS_BinarySemaphoreGive
                0x0000000008001dae      0x1ce ./H_ThreadScheduler/API/H_ThreadScheduler_BinarySemaphore.o
                0x0000000008001dae                H_TS_BinarySemaphoreGive
 .text.H_TS_BinarySemaphoreTake
                0x0000000008001f7c      0x104 ./H_ThreadScheduler/API/H_ThreadScheduler_BinarySemaphore.o
                0x0000000008001f7c                H_TS_BinarySemaphoreTake
 .text.H_TS_BinarySemaphoreTryTake
                0x0000000008002080       0x10 ./H_ThreadScheduler/API/H_ThreadScheduler_BinarySemaphore.o
                0x0000000008002080                H_TS_BinarySemaphoreTryTake
 .text.H_TS_BinarySemaphoreTake_Time
                0x0000000008002090      0x10e ./H_ThreadScheduler/API/H_ThreadScheduler_BinarySemaphore.o
                0x0000000008002090                H_TS_BinarySemaphoreTake_Time
 .text.H_TS_ThreadListForceAddToReadyList
                0x000000000800219e       0x4a ./H_ThreadScheduler/API/H_ThreadScheduler_Core.o
                0x000000000800219e                H_TS_ThreadListForceAddToReadyList
 .text.H_TS_ThreadAddToSleepList
                0x00000000080021e8       0x54 ./H_ThreadScheduler/API/H_ThreadScheduler_Core.o
                0x00000000080021e8                H_TS_ThreadAddToSleepList
 .text.H_TS_ThreadAddToTimeBlockList
                0x000000000800223c       0x54 ./H_ThreadScheduler/API/H_ThreadScheduler_Core.o
                0x000000000800223c                H_TS_ThreadAddToTimeBlockList
 .text.H_TS_GetCPU_Load
                0x0000000008002290        0xc ./H_ThreadScheduler/API/H_ThreadScheduler_Ext.o
                0x0000000008002290                H_TS_GetCPU_Load
 .text.H_TS_SetIdleProcess
                0x000000000800229c        0xc ./H_ThreadScheduler/API/H_ThreadScheduler_Ext.o
                0x000000000800229c                H_TS_SetIdleProcess
 .text.H_TS_GetStackUtilization
                0x00000000080022a8       0x4e ./H_ThreadScheduler/API/H_ThreadScheduler_Ext.o
                0x00000000080022a8                H_TS_GetStackUtilization
 .text.H_TS_StartScheduler
                0x00000000080022f6       0x22 ./H_ThreadScheduler/API/H_ThreadScheduler_Ext.o
                0x00000000080022f6                H_TS_StartScheduler
 .text.new_H_TS_Lock
                0x0000000008002318       0x6c ./H_ThreadScheduler/API/H_ThreadScheduler_Ext.o
                0x0000000008002318                new_H_TS_Lock
 .text.delete_H_TS_Lock
                0x0000000008002384       0x68 ./H_ThreadScheduler/API/H_ThreadScheduler_Ext.o
                0x0000000008002384                delete_H_TS_Lock
 .text.new_H_TS_BinarySemaphore
                0x00000000080023ec       0x68 ./H_ThreadScheduler/API/H_ThreadScheduler_Ext.o
                0x00000000080023ec                new_H_TS_BinarySemaphore
 .text.delete_H_TS_BinarySemaphore
                0x0000000008002454       0x68 ./H_ThreadScheduler/API/H_ThreadScheduler_Ext.o
                0x0000000008002454                delete_H_TS_BinarySemaphore
 .text.H_TS_LockLock
                0x00000000080024bc      0x1b6 ./H_ThreadScheduler/API/H_ThreadScheduler_Lock.o
                0x00000000080024bc                H_TS_LockLock
 .text.H_TS_LockUnlock
                0x0000000008002672      0x1e2 ./H_ThreadScheduler/API/H_ThreadScheduler_Lock.o
                0x0000000008002672                H_TS_LockUnlock
 .text.H_TS_ThreadSleep
                0x0000000008002854       0x92 ./H_ThreadScheduler/API/H_ThreadScheduler_Thread.o
                0x0000000008002854                H_TS_ThreadSleep
 .text.StackMark
                0x00000000080028e6       0x3a ./H_ThreadScheduler/API/H_ThreadScheduler_Thread_Ext.o
 .text.StackGetMinFree
                0x0000000008002920       0x1e ./H_ThreadScheduler/API/H_ThreadScheduler_Thread_Ext.o
 .text.GetMinValidPriority
                0x000000000800293e       0x4a ./H_ThreadScheduler/API/H_ThreadScheduler_Thread_Ext.o
 .text.GetMaxValidPriority
                0x0000000008002988       0x4a ./H_ThreadScheduler/API/H_ThreadScheduler_Thread_Ext.o
 .text.GetLowValidPriority
                0x00000000080029d2       0x50 ./H_ThreadScheduler/API/H_ThreadScheduler_Thread_Ext.o
 .text.GetHighValidPriority
                0x0000000008002a22       0x24 ./H_ThreadScheduler/API/H_ThreadScheduler_Thread_Ext.o
 .text.GetValidPriority
                0x0000000008002a46       0x38 ./H_ThreadScheduler/API/H_ThreadScheduler_Thread_Ext.o
 .text.ThreadStart
                0x0000000008002a7e       0xe4 ./H_ThreadScheduler/API/H_ThreadScheduler_Thread_Ext.o
 .text.Init_Stack
                0x0000000008002b62       0x48 ./H_ThreadScheduler/API/H_ThreadScheduler_Thread_Ext.o
 .text.Malloc   0x0000000008002baa       0x1e ./H_ThreadScheduler/API/H_ThreadScheduler_Thread_Ext.o
 .text.Free     0x0000000008002bc8        0xe ./H_ThreadScheduler/API/H_ThreadScheduler_Thread_Ext.o
 .text.new_H_TS_Thread
                0x0000000008002bd6       0xfc ./H_ThreadScheduler/API/H_ThreadScheduler_Thread_Ext.o
                0x0000000008002bd6                new_H_TS_Thread
 .text.delete_H_TS_Thread
                0x0000000008002cd2       0x86 ./H_ThreadScheduler/API/H_ThreadScheduler_Thread_Ext.o
                0x0000000008002cd2                delete_H_TS_Thread
 .text.H_TS_IdleProcess
                0x0000000008002d58      0x138 ./H_ThreadScheduler/API/H_ThreadScheduler_Thread_Ext.o
 .text.H_TS_ThreadStart
                0x0000000008002e90       0x3e ./H_ThreadScheduler/API/H_ThreadScheduler_Thread_Ext.o
                0x0000000008002e90                H_TS_ThreadStart
 .text.H_TS_ThreadStart_LowPriority
                0x0000000008002ece       0x2e ./H_ThreadScheduler/API/H_ThreadScheduler_Thread_Ext.o
                0x0000000008002ece                H_TS_ThreadStart_LowPriority
 .text.H_TS_StartNewThread
                0x0000000008002efc       0x3e ./H_ThreadScheduler/API/H_ThreadScheduler_Thread_Ext.o
                0x0000000008002efc                H_TS_StartNewThread
 .text.H_TS_StartNewThread_LowPriority
                0x0000000008002f3a       0x3e ./H_ThreadScheduler/API/H_ThreadScheduler_Thread_Ext.o
                0x0000000008002f3a                H_TS_StartNewThread_LowPriority
 .text.H_TS_ThreadExit
                0x0000000008002f78       0x6c ./H_ThreadScheduler/API/H_ThreadScheduler_Thread_Ext.o
                0x0000000008002f78                H_TS_ThreadExit
 .text.H_TS_GetThisThread
                0x0000000008002fe4       0x10 ./H_ThreadScheduler/API/H_ThreadScheduler_Thread_Ext.o
                0x0000000008002fe4                H_TS_GetThisThread
 .text.H_TS_ThreadInfoGet
                0x0000000008002ff4       0xac ./H_ThreadScheduler/API/H_ThreadScheduler_Thread_Ext.o
                0x0000000008002ff4                H_TS_ThreadInfoGet
 .text.H_TS_ThreadInfoFree
                0x00000000080030a0       0x70 ./H_ThreadScheduler/API/H_ThreadScheduler_Thread_Ext.o
                0x00000000080030a0                H_TS_ThreadInfoFree
 .text.H_TS_Init
                0x0000000008003110      0x1ee ./H_ThreadScheduler/API/H_ThreadScheduler_Thread_Ext.o
                0x0000000008003110                H_TS_Init
 .text.H_FIFO_Init
                0x00000000080032fe       0xe4 ./H_Lib/H_FIFO.o
                0x00000000080032fe                H_FIFO_Init
 .text.H_FIFO_Write
                0x00000000080033e2        0xe ./H_Lib/H_FIFO.o
                0x00000000080033e2                H_FIFO_Write
 .text.H_FIFO_Read
                0x00000000080033f0        0xe ./H_Lib/H_FIFO.o
                0x00000000080033f0                H_FIFO_Read
 .text.H_FIFO_Next
                0x00000000080033fe        0xe ./H_Lib/H_FIFO.o
                0x00000000080033fe                H_FIFO_Next
 .text.H_FIFO_byte_Write
                0x000000000800340c      0x134 ./H_Lib/H_FIFO_byte.o
                0x000000000800340c                H_FIFO_byte_Write
 .text.H_FIFO_byte_Write_Data0
                0x0000000008003540      0x150 ./H_Lib/H_FIFO_byte.o
                0x0000000008003540                H_FIFO_byte_Write_Data0
 .text.H_FIFO_byte_Read
                0x0000000008003690       0xac ./H_Lib/H_FIFO_byte.o
                0x0000000008003690                H_FIFO_byte_Read
 .text.H_FIFO_byte_Next
                0x000000000800373c       0x98 ./H_Lib/H_FIFO_byte.o
                0x000000000800373c                H_FIFO_byte_Next
 .text.H_FIFO_uint16_Write
                0x00000000080037d4      0x10e ./H_Lib/H_FIFO_uint16.o
                0x00000000080037d4                H_FIFO_uint16_Write
 .text.H_FIFO_uint16_Write_Data0
                0x00000000080038e2      0x12e ./H_Lib/H_FIFO_uint16.o
                0x00000000080038e2                H_FIFO_uint16_Write_Data0
 .text.H_FIFO_uint16_Read
                0x0000000008003a10       0x82 ./H_Lib/H_FIFO_uint16.o
                0x0000000008003a10                H_FIFO_uint16_Read
 .text.H_FIFO_uint16_Next
                0x0000000008003a92       0x6c ./H_Lib/H_FIFO_uint16.o
                0x0000000008003a92                H_FIFO_uint16_Next
 .text.H_FIFO_uint32_Write
                0x0000000008003afe       0xbe ./H_Lib/H_FIFO_uint32.o
                0x0000000008003afe                H_FIFO_uint32_Write
 .text.H_FIFO_uint32_Write_Data0
                0x0000000008003bbc       0xd6 ./H_Lib/H_FIFO_uint32.o
                0x0000000008003bbc                H_FIFO_uint32_Write_Data0
 .text.H_FIFO_uint32_Read
                0x0000000008003c92       0x4e ./H_Lib/H_FIFO_uint32.o
                0x0000000008003c92                H_FIFO_uint32_Read
 .text.H_FIFO_uint32_Next
                0x0000000008003ce0       0x38 ./H_Lib/H_FIFO_uint32.o
                0x0000000008003ce0                H_FIFO_uint32_Next
 .text.H_FIFO_uint64_Write
                0x0000000008003d18      0x140 ./H_Lib/H_FIFO_uint64.o
                0x0000000008003d18                H_FIFO_uint64_Write
 .text.H_FIFO_uint64_Write_Data0
                0x0000000008003e58      0x172 ./H_Lib/H_FIFO_uint64.o
                0x0000000008003e58                H_FIFO_uint64_Write_Data0
 .text.H_FIFO_uint64_Read
                0x0000000008003fca       0x4e ./H_Lib/H_FIFO_uint64.o
                0x0000000008003fca                H_FIFO_uint64_Read
 .text.H_FIFO_uint64_Next
                0x0000000008004018       0x38 ./H_Lib/H_FIFO_uint64.o
                0x0000000008004018                H_FIFO_uint64_Next
 .text.H_Malloc_Init
                0x0000000008004050       0x3e ./H_Lib/H_Malloc.o
                0x0000000008004050                H_Malloc_Init
 .text.H_Malloc
                0x000000000800408e       0xbe ./H_Lib/H_Malloc.o
                0x000000000800408e                H_Malloc
 .text.H_Free   0x000000000800414c      0x10c ./H_Lib/H_Malloc.o
                0x000000000800414c                H_Free
 .text.H_Malloc_GetInfo
                0x0000000008004258      0x152 ./H_Lib/H_Malloc.o
                0x0000000008004258                H_Malloc_GetInfo
 .text.H_MemoryCopy_byte
                0x00000000080043aa       0x76 ./H_Lib/H_Memory.o
                0x00000000080043aa                H_MemoryCopy_byte
 .text.H_MemoryCopy_uint16
                0x0000000008004420       0x76 ./H_Lib/H_Memory.o
                0x0000000008004420                H_MemoryCopy_uint16
 .text.H_MemoryCopy_uint32
                0x0000000008004496       0x4e ./H_Lib/H_Memory.o
                0x0000000008004496                H_MemoryCopy_uint32
 .text.H_MemoryCopy_uint64
                0x00000000080044e4       0x7a ./H_Lib/H_Memory.o
                0x00000000080044e4                H_MemoryCopy_uint64
 .text.H_MemoryMalloc_ArrayMalloc
                0x000000000800455e       0xa8 ./H_Lib/H_MemoryMalloc.o
                0x000000000800455e                H_MemoryMalloc_ArrayMalloc
 .text.H_MemoryMalloc_ArrayFree
                0x0000000008004606       0x50 ./H_Lib/H_MemoryMalloc.o
                0x0000000008004606                H_MemoryMalloc_ArrayFree
 .text.DoubleFloatDecode
                0x0000000008004656       0x86 ./H_Lib/H_String.o
 .text.H_String_BigInteger_Set0
                0x00000000080046dc       0x4a ./H_Lib/H_String.o
 .text.GenerateBigInteger_Integer
                0x0000000008004726      0x10e ./H_Lib/H_String.o
 .text.GenerateBigInteger_Decimal
                0x0000000008004834      0x11c ./H_Lib/H_String.o
 .text.BigInteger_Division
                0x0000000008004950       0x4e ./H_Lib/H_String.o
 .text.BigInteger_Multiply
                0x000000000800499e       0x62 ./H_Lib/H_String.o
 .text.String_Function_E
                0x0000000008004a00      0x388 ./H_Lib/H_String.o
 .text.String_Function_F
                0x0000000008004d88      0x26a ./H_Lib/H_String.o
 .text.String_Function_I
                0x0000000008004ff2      0x20a ./H_Lib/H_String.o
 .text.String_Function_X
                0x00000000080051fc       0xac ./H_Lib/H_String.o
 .text.String_Function_x
                0x00000000080052a8       0xac ./H_Lib/H_String.o
 .text.String_Function_S
                0x0000000008005354       0x22 ./H_Lib/H_String.o
 .text.String_Function_123
                0x0000000008005376        0xc ./H_Lib/H_String.o
 .text.String_Function_125
                0x0000000008005382        0xc ./H_Lib/H_String.o
 .text.String_Function_37
                0x000000000800538e        0xc ./H_Lib/H_String.o
 .text.GetMarkParam_H
                0x000000000800539a       0xbc ./H_Lib/H_String.o
 .text.GetMarkParam_Std
                0x0000000008005456       0xd8 ./H_Lib/H_String.o
 .text.H_StringFormat
                0x000000000800552e       0xae ./H_Lib/H_String.o
                0x000000000800552e                H_StringFormat
 .text.H_sprintf
                0x00000000080055dc       0xc8 ./H_Lib/H_String.o
                0x00000000080055dc                H_sprintf
 .text.dma_periph_and_channel_check
                0x00000000080056a4       0x1e ./GD32VF103_Peripherals/Source/gd32vf103_dma.o
 .text.dma_deinit
                0x00000000080056c2       0x4a ./GD32VF103_Peripherals/Source/gd32vf103_dma.o
                0x00000000080056c2                dma_deinit
 .text.dma_struct_para_init
                0x000000000800570c       0x26 ./GD32VF103_Peripherals/Source/gd32vf103_dma.o
                0x000000000800570c                dma_struct_para_init
 .text.dma_init
                0x0000000008005732       0xa2 ./GD32VF103_Peripherals/Source/gd32vf103_dma.o
                0x0000000008005732                dma_init
 .text.eclic_global_interrupt_enable
                0x00000000080057d4        0x6 ./GD32VF103_Peripherals/Source/gd32vf103_eclic.o
                0x00000000080057d4                eclic_global_interrupt_enable
 .text.rcu_periph_clock_enable
                0x00000000080057da       0x18 ./GD32VF103_Peripherals/Source/gd32vf103_rcu.o
                0x00000000080057da                rcu_periph_clock_enable
 .text.rcu_periph_reset_enable
                0x00000000080057f2       0x18 ./GD32VF103_Peripherals/Source/gd32vf103_rcu.o
                0x00000000080057f2                rcu_periph_reset_enable
 .text.rcu_periph_reset_disable
                0x000000000800580a       0x1c ./GD32VF103_Peripherals/Source/gd32vf103_rcu.o
                0x000000000800580a                rcu_periph_reset_disable
 .text.rcu_clock_freq_get
                0x0000000008005826      0x156 ./GD32VF103_Peripherals/Source/gd32vf103_rcu.o
                0x0000000008005826                rcu_clock_freq_get
 .text.usart_deinit
                0x000000000800597c       0x92 ./GD32VF103_Peripherals/Source/gd32vf103_usart.o
                0x000000000800597c                usart_deinit
 .text.usart_baudrate_set
                0x0000000008005a0e       0x8e ./GD32VF103_Peripherals/Source/gd32vf103_usart.o
                0x0000000008005a0e                usart_baudrate_set
 .text.usart_parity_config
                0x0000000008005a9c       0x10 ./GD32VF103_Peripherals/Source/gd32vf103_usart.o
                0x0000000008005a9c                usart_parity_config
 .text.usart_word_length_set
                0x0000000008005aac       0x12 ./GD32VF103_Peripherals/Source/gd32vf103_usart.o
                0x0000000008005aac                usart_word_length_set
 .text.usart_stop_bit_set
                0x0000000008005abe       0x12 ./GD32VF103_Peripherals/Source/gd32vf103_usart.o
                0x0000000008005abe                usart_stop_bit_set
 .text.usart_transmit_config
                0x0000000008005ad0        0xa ./GD32VF103_Peripherals/Source/gd32vf103_usart.o
                0x0000000008005ad0                usart_transmit_config
 .text.usart_receive_config
                0x0000000008005ada        0xa ./GD32VF103_Peripherals/Source/gd32vf103_usart.o
                0x0000000008005ada                usart_receive_config
 .text.usart_data_transmit
                0x0000000008005ae4        0x8 ./GD32VF103_Peripherals/Source/gd32vf103_usart.o
                0x0000000008005ae4                usart_data_transmit
 .text.usart_hardware_flow_rts_config
                0x0000000008005aec        0xc ./GD32VF103_Peripherals/Source/gd32vf103_usart.o
                0x0000000008005aec                usart_hardware_flow_rts_config
 .text.usart_hardware_flow_cts_config
                0x0000000008005af8        0xc ./GD32VF103_Peripherals/Source/gd32vf103_usart.o
                0x0000000008005af8                usart_hardware_flow_cts_config
 .text.usart_flag_get
                0x0000000008005b04       0x1c ./GD32VF103_Peripherals/Source/gd32vf103_usart.o
                0x0000000008005b04                usart_flag_get
 .text.system_clock_108m_hxtal
                0x0000000008005b20       0xe2 ./GD32VF103_Peripherals/system_gd32vf103.o
 .text.system_clock_config
                0x0000000008005c02        0xc ./GD32VF103_Peripherals/system_gd32vf103.o
 .text.SystemInit
                0x0000000008005c0e       0x5e ./GD32VF103_Peripherals/system_gd32vf103.o
                0x0000000008005c0e                SystemInit
 .text.MemoryMalloc_Init
                0x0000000008005c6c        0xc ./BSP/MemoryMalloc/MemoryMalloc.o
                0x0000000008005c6c                MemoryMalloc_Init
 .text.GetInfo  0x0000000008005c78       0x36 ./BSP/MemoryMalloc/MemoryMalloc_SRAM.o
 .text.Free     0x0000000008005cae       0x36 ./BSP/MemoryMalloc/MemoryMalloc_SRAM.o
 .text.Malloc   0x0000000008005ce4       0x3a ./BSP/MemoryMalloc/MemoryMalloc_SRAM.o
 .text.MemoryMalloc_SRAM_Init
                0x0000000008005d1e       0x26 ./BSP/MemoryMalloc/MemoryMalloc_SRAM.o
                0x0000000008005d1e                MemoryMalloc_SRAM_Init
 .text.IP_DMA_SetIF
                0x0000000008005d44      0x3ac ./BSP/InternalPeripherals/IP/IP_DMA_Ext.o
 .text.IP_DMA_DisableAll_IT
                0x00000000080060f0        0xc ./BSP/InternalPeripherals/IP/IP_DMA_Ext.o
                0x00000000080060f0                IP_DMA_DisableAll_IT
 .text.IP_DMA_Init
                0x00000000080060fc       0x32 ./BSP/InternalPeripherals/IP/IP_DMA_Ext.o
                0x00000000080060fc                IP_DMA_Init
 .text.IP_USART_Transmit
                0x000000000800612e       0x92 ./BSP/InternalPeripherals/IP/IP_USART.o
                0x000000000800612e                IP_USART_Transmit
 .text.IP_USART_TxDMA_IRQ
                0x00000000080061c0       0xa4 ./BSP/InternalPeripherals/IP/IP_USART.o
                0x00000000080061c0                IP_USART_TxDMA_IRQ
 .text.IP_USART_IRQ
                0x0000000008006264       0x6c ./BSP/InternalPeripherals/IP/IP_USART.o
                0x0000000008006264                IP_USART_IRQ
 .text.IP_USART_Init
                0x00000000080062d0       0x42 ./BSP/InternalPeripherals/IP/IP_USART_Ext.o
                0x00000000080062d0                IP_USART_Init
 .text.IP_USART_Start
                0x0000000008006312       0x90 ./BSP/InternalPeripherals/IP/IP_USART_Ext.o
                0x0000000008006312                IP_USART_Start
 .text.DMA_Init
                0x00000000080063a2       0x3e ./BSP/InternalPeripherals/HAL/dma.o
                0x00000000080063a2                DMA_Init
 .text.GPIO_Init
                0x00000000080063e0       0x64 ./BSP/InternalPeripherals/HAL/gpio.o
                0x00000000080063e0                GPIO_Init
 .text.USART_CreateStream
                0x0000000008006444       0xca ./BSP/InternalPeripherals/HAL/usart.o
                0x0000000008006444                USART_CreateStream
 .text.USART0_Init
                0x000000000800650e      0x1fa ./BSP/InternalPeripherals/HAL/usart.o
                0x000000000800650e                USART0_Init
 .text.I_DebugPort_Write
                0x0000000008006708       0x5a ./BSP/Instance/I_DebugPort.o
                0x0000000008006708                I_DebugPort_Write
 .text.I_DebugPort_Read
                0x0000000008006762       0x66 ./BSP/Instance/I_DebugPort.o
                0x0000000008006762                I_DebugPort_Read
 .text.I_DebugPort_SetValid
                0x00000000080067c8       0x42 ./BSP/Instance/I_DebugPort.o
                0x00000000080067c8                I_DebugPort_SetValid
 .text.I_DebugPort_Init
                0x000000000800680a       0x38 ./BSP/Instance/I_DebugPort.o
                0x000000000800680a                I_DebugPort_Init
 .text.Peripherals_Instence_LockInit
                0x0000000008006842       0x2a ./BSP/Instance/Peripherals_Instence.o
                0x0000000008006842                Peripherals_Instence_LockInit
 .text.systick_irq_callback
                0x000000000800686c        0x2 ./BSP/Peripheral.o
                0x000000000800686c                systick_irq_callback
 .text.Peripherals_SysInit
                0x000000000800686e       0x56 ./BSP/Peripheral.o
                0x000000000800686e                Peripherals_SysInit
 .text.Peripherals_Init
                0x00000000080068c4       0x3c ./BSP/Peripheral.o
                0x00000000080068c4                Peripherals_Init
 .text.H_Printf_USART_CallBeforeFormat
                0x0000000008006900       0x1e ./Application/H_Printf.o
                0x0000000008006900                H_Printf_USART_CallBeforeFormat
 .text.H_Printf_USART_CallAfterFormat
                0x000000000800691e       0x3a ./Application/H_Printf.o
                0x000000000800691e                H_Printf_USART_CallAfterFormat
 .text.H_Printf_Init
                0x0000000008006958       0x38 ./Application/H_Printf.o
                0x0000000008006958                H_Printf_Init
 .text.IsCMD    0x0000000008006990       0x26 ./Application/Test.o
 .text.stress0_Thread
                0x00000000080069b6       0x38 ./Application/Test.o
                0x00000000080069b6                stress0_Thread
 .text.stress1_Thread
                0x00000000080069ee       0x1c ./Application/Test.o
                0x00000000080069ee                stress1_Thread
 .text.stress_Thread
                0x0000000008006a0a       0xe8 ./Application/Test.o
                0x0000000008006a0a                stress_Thread
 .text.Debug_Execute
                0x0000000008006af2      0x26e ./Application/Test.o
                0x0000000008006af2                Debug_Execute
 .text.stressTest
                0x0000000008006d60       0xa0 ./Application/Test.o
                0x0000000008006d60                stressTest
 .text.SysTick_SetIrqCallback
                0x0000000008006e00        0xa ./Application/gd32vf103_it.o
                0x0000000008006e00                SysTick_SetIrqCallback
 .text.DMA0_Channel0_SetIrqCallback
                0x0000000008006e0a        0xa ./Application/gd32vf103_it.o
                0x0000000008006e0a                DMA0_Channel0_SetIrqCallback
 .text.DMA0_Channel1_SetIrqCallback
                0x0000000008006e14        0xa ./Application/gd32vf103_it.o
                0x0000000008006e14                DMA0_Channel1_SetIrqCallback
 .text.DMA0_Channel2_SetIrqCallback
                0x0000000008006e1e        0xa ./Application/gd32vf103_it.o
                0x0000000008006e1e                DMA0_Channel2_SetIrqCallback
 .text.DMA0_Channel3_SetIrqCallback
                0x0000000008006e28        0xa ./Application/gd32vf103_it.o
                0x0000000008006e28                DMA0_Channel3_SetIrqCallback
 .text.DMA0_Channel4_SetIrqCallback
                0x0000000008006e32        0xa ./Application/gd32vf103_it.o
                0x0000000008006e32                DMA0_Channel4_SetIrqCallback
 .text.DMA0_Channel5_SetIrqCallback
                0x0000000008006e3c        0xa ./Application/gd32vf103_it.o
                0x0000000008006e3c                DMA0_Channel5_SetIrqCallback
 .text.DMA0_Channel6_SetIrqCallback
                0x0000000008006e46        0xa ./Application/gd32vf103_it.o
                0x0000000008006e46                DMA0_Channel6_SetIrqCallback
 .text.DMA0_Channel7_SetIrqCallback
                0x0000000008006e50        0xa ./Application/gd32vf103_it.o
                0x0000000008006e50                DMA0_Channel7_SetIrqCallback
 .text.DMA1_Channel0_SetIrqCallback
                0x0000000008006e5a        0xa ./Application/gd32vf103_it.o
                0x0000000008006e5a                DMA1_Channel0_SetIrqCallback
 .text.DMA1_Channel1_SetIrqCallback
                0x0000000008006e64        0xa ./Application/gd32vf103_it.o
                0x0000000008006e64                DMA1_Channel1_SetIrqCallback
 .text.DMA1_Channel2_SetIrqCallback
                0x0000000008006e6e        0xa ./Application/gd32vf103_it.o
                0x0000000008006e6e                DMA1_Channel2_SetIrqCallback
 .text.DMA1_Channel3_SetIrqCallback
                0x0000000008006e78        0xa ./Application/gd32vf103_it.o
                0x0000000008006e78                DMA1_Channel3_SetIrqCallback
 .text.DMA1_Channel4_SetIrqCallback
                0x0000000008006e82        0xa ./Application/gd32vf103_it.o
                0x0000000008006e82                DMA1_Channel4_SetIrqCallback
 .text.DMA1_Channel5_SetIrqCallback
                0x0000000008006e8c        0xa ./Application/gd32vf103_it.o
                0x0000000008006e8c                DMA1_Channel5_SetIrqCallback
 .text.DMA1_Channel6_SetIrqCallback
                0x0000000008006e96        0xa ./Application/gd32vf103_it.o
                0x0000000008006e96                DMA1_Channel6_SetIrqCallback
 .text.DMA1_Channel7_SetIrqCallback
                0x0000000008006ea0        0xa ./Application/gd32vf103_it.o
                0x0000000008006ea0                DMA1_Channel7_SetIrqCallback
 .text.DMA0_Channel0_IRQHandler
                0x0000000008006eaa       0x14 ./Application/gd32vf103_it.o
                0x0000000008006eaa                DMA0_Channel0_IRQHandler
 .text.DMA0_Channel1_IRQHandler
                0x0000000008006ebe       0x14 ./Application/gd32vf103_it.o
                0x0000000008006ebe                DMA0_Channel1_IRQHandler
 .text.DMA0_Channel2_IRQHandler
                0x0000000008006ed2       0x14 ./Application/gd32vf103_it.o
                0x0000000008006ed2                DMA0_Channel2_IRQHandler
 .text.DMA0_Channel3_IRQHandler
                0x0000000008006ee6       0x14 ./Application/gd32vf103_it.o
                0x0000000008006ee6                DMA0_Channel3_IRQHandler
 .text.DMA0_Channel4_IRQHandler
                0x0000000008006efa       0x14 ./Application/gd32vf103_it.o
                0x0000000008006efa                DMA0_Channel4_IRQHandler
 .text.DMA0_Channel5_IRQHandler
                0x0000000008006f0e       0x14 ./Application/gd32vf103_it.o
                0x0000000008006f0e                DMA0_Channel5_IRQHandler
 .text.DMA0_Channel6_IRQHandler
                0x0000000008006f22       0x14 ./Application/gd32vf103_it.o
                0x0000000008006f22                DMA0_Channel6_IRQHandler
 .text.DMA1_Channel0_IRQHandler
                0x0000000008006f36       0x14 ./Application/gd32vf103_it.o
                0x0000000008006f36                DMA1_Channel0_IRQHandler
 .text.DMA1_Channel1_IRQHandler
                0x0000000008006f4a       0x14 ./Application/gd32vf103_it.o
                0x0000000008006f4a                DMA1_Channel1_IRQHandler
 .text.DMA1_Channel2_IRQHandler
                0x0000000008006f5e       0x14 ./Application/gd32vf103_it.o
                0x0000000008006f5e                DMA1_Channel2_IRQHandler
 .text.DMA1_Channel3_IRQHandler
                0x0000000008006f72       0x14 ./Application/gd32vf103_it.o
                0x0000000008006f72                DMA1_Channel3_IRQHandler
 .text.DMA1_Channel4_IRQHandler
                0x0000000008006f86       0x14 ./Application/gd32vf103_it.o
                0x0000000008006f86                DMA1_Channel4_IRQHandler
 .text.handle_trap
                0x0000000008006f9a       0x2e ./Application/gd32vf103_it.o
                0x0000000008006f9a                handle_trap
 .text.SysTick_Handler
                0x0000000008006fc8       0x1e ./Application/gd32vf103_it.o
                0x0000000008006fc8                SysTick_Handler
 .text.eclic_mtip_handler
                0x0000000008006fe6       0x36 ./Application/gd32vf103_it.o
                0x0000000008006fe6                eclic_mtip_handler
 .text.TimeTick_Init
                0x000000000800701c       0x72 ./Application/gd32xxx_Time.o
                0x000000000800701c                TimeTick_Init
 .text.TimeTick_Set_IRQ_Callback
                0x000000000800708e       0x32 ./Application/gd32xxx_Time.o
                0x000000000800708e                TimeTick_Set_IRQ_Callback
 .text.Delay_ms
                0x00000000080070c0       0x10 ./Application/gd32xxx_Time.o
                0x00000000080070c0                Delay_ms
 .text.USART0_SetIrqCallback
                0x00000000080070d0        0xa ./Application/gd32xxx_it.o
                0x00000000080070d0                USART0_SetIrqCallback
 .text.USART0_IRQHandler
                0x00000000080070da       0x14 ./Application/gd32xxx_it.o
                0x00000000080070da                USART0_IRQHandler
 .text.IdleProcess
                0x00000000080070ee        0x2 ./Application/main.o
 .text.Thread_R
                0x00000000080070f0       0x2c ./Application/main.o
                0x00000000080070f0                Thread_R
 .text.Thread_G
                0x000000000800711c       0x2c ./Application/main.o
                0x000000000800711c                Thread_G
 .text.Thread_B
                0x0000000008007148       0x2c ./Application/main.o
                0x0000000008007148                Thread_B
 .text.app_main
                0x0000000008007174       0x9a ./Application/main.o
                0x0000000008007174                app_main
 .text.Thread_Start
                0x000000000800720e       0x26 ./Application/main.o
                0x000000000800720e                Thread_Start
 .text.main     0x0000000008007234       0x40 ./Application/main.o
                0x0000000008007234                main
 .text.eclic_bwei_handler
                0x0000000008007274        0x2 ./Application/main.o
                0x0000000008007274                eclic_bwei_handler
 .text.__divdi3
                0x0000000008007276      0x3d8 d:/appfile/mounriver/mounriver_studio/toolchain/risc-v embedded gcc/bin/../lib/gcc/riscv-none-embed/8.2.0/rv32imac/ilp32\libgcc.a(_divdi3.o)
                0x0000000008007276                __divdi3
 .text.__moddi3
                0x000000000800764e      0x3c4 d:/appfile/mounriver/mounriver_studio/toolchain/risc-v embedded gcc/bin/../lib/gcc/riscv-none-embed/8.2.0/rv32imac/ilp32\libgcc.a(_moddi3.o)
                0x000000000800764e                __moddi3
 .text.__divdf3
                0x0000000008007a12      0x5b4 d:/appfile/mounriver/mounriver_studio/toolchain/risc-v embedded gcc/bin/../lib/gcc/riscv-none-embed/8.2.0/rv32imac/ilp32\libgcc.a(divdf3.o)
                0x0000000008007a12                __divdf3
 .text.__muldf3
                0x0000000008007fc6      0x4b8 d:/appfile/mounriver/mounriver_studio/toolchain/risc-v embedded gcc/bin/../lib/gcc/riscv-none-embed/8.2.0/rv32imac/ilp32\libgcc.a(muldf3.o)
                0x0000000008007fc6                __muldf3
 .text.__floatsidf
                0x000000000800847e       0x72 d:/appfile/mounriver/mounriver_studio/toolchain/risc-v embedded gcc/bin/../lib/gcc/riscv-none-embed/8.2.0/rv32imac/ilp32\libgcc.a(floatsidf.o)
                0x000000000800847e                __floatsidf
 .text.__addsf3
                0x00000000080084f0      0x36a d:/appfile/mounriver/mounriver_studio/toolchain/risc-v embedded gcc/bin/../lib/gcc/riscv-none-embed/8.2.0/rv32imac/ilp32\libgcc.a(addsf3.o)
                0x00000000080084f0                __addsf3
 .text.__divsf3
                0x000000000800885a      0x2b2 d:/appfile/mounriver/mounriver_studio/toolchain/risc-v embedded gcc/bin/../lib/gcc/riscv-none-embed/8.2.0/rv32imac/ilp32\libgcc.a(divsf3.o)
                0x000000000800885a                __divsf3
 .text.__mulsf3
                0x0000000008008b0c      0x290 d:/appfile/mounriver/mounriver_studio/toolchain/risc-v embedded gcc/bin/../lib/gcc/riscv-none-embed/8.2.0/rv32imac/ilp32\libgcc.a(mulsf3.o)
                0x0000000008008b0c                __mulsf3
 .text.__subsf3
                0x0000000008008d9c      0x388 d:/appfile/mounriver/mounriver_studio/toolchain/risc-v embedded gcc/bin/../lib/gcc/riscv-none-embed/8.2.0/rv32imac/ilp32\libgcc.a(subsf3.o)
                0x0000000008008d9c                __subsf3
 .text.__floatsisf
                0x0000000008009124       0xc6 d:/appfile/mounriver/mounriver_studio/toolchain/risc-v embedded gcc/bin/../lib/gcc/riscv-none-embed/8.2.0/rv32imac/ilp32\libgcc.a(floatsisf.o)
                0x0000000008009124                __floatsisf
 .text.__floatunsisf
                0x00000000080091ea       0xce d:/appfile/mounriver/mounriver_studio/toolchain/risc-v embedded gcc/bin/../lib/gcc/riscv-none-embed/8.2.0/rv32imac/ilp32\libgcc.a(floatunsisf.o)
                0x00000000080091ea                __floatunsisf
 .text.__extendsfdf2
                0x00000000080092b8       0xac d:/appfile/mounriver/mounriver_studio/toolchain/risc-v embedded gcc/bin/../lib/gcc/riscv-none-embed/8.2.0/rv32imac/ilp32\libgcc.a(extendsfdf2.o)
                0x00000000080092b8                __extendsfdf2
 .text.__clzsi2
                0x0000000008009364       0x76 d:/appfile/mounriver/mounriver_studio/toolchain/risc-v embedded gcc/bin/../lib/gcc/riscv-none-embed/8.2.0/rv32imac/ilp32\libgcc.a(_clzsi2.o)
                0x0000000008009364                __clzsi2
 .text.atexit   0x00000000080093da        0xa d:/appfile/mounriver/mounriver_studio/toolchain/risc-v embedded gcc/bin/../lib/gcc/riscv-none-embed/8.2.0/../../../../riscv-none-embed/lib/rv32imac/ilp32\libg_nano.a(lib_a-atexit.o)
                0x00000000080093da                atexit
 .text.exit     0x00000000080093e4       0x2c d:/appfile/mounriver/mounriver_studio/toolchain/risc-v embedded gcc/bin/../lib/gcc/riscv-none-embed/8.2.0/../../../../riscv-none-embed/lib/rv32imac/ilp32\libg_nano.a(lib_a-exit.o)
                0x00000000080093e4                exit
 .text.__libc_fini_array
                0x0000000008009410       0x3a d:/appfile/mounriver/mounriver_studio/toolchain/risc-v embedded gcc/bin/../lib/gcc/riscv-none-embed/8.2.0/../../../../riscv-none-embed/lib/rv32imac/ilp32\libg_nano.a(lib_a-fini.o)
                0x0000000008009410                __libc_fini_array
 .text.__libc_init_array
                0x000000000800944a       0x6e d:/appfile/mounriver/mounriver_studio/toolchain/risc-v embedded gcc/bin/../lib/gcc/riscv-none-embed/8.2.0/../../../../riscv-none-embed/lib/rv32imac/ilp32\libg_nano.a(lib_a-init.o)
                0x000000000800944a                __libc_init_array
 .text.write    0x00000000080094b8       0x12 d:/appfile/mounriver/mounriver_studio/toolchain/risc-v embedded gcc/bin/../lib/gcc/riscv-none-embed/8.2.0/../../../../riscv-none-embed/lib/rv32imac/ilp32\libg_nano.a(lib_a-syswrite.o)
                0x00000000080094b8                write
 .text._write_r
                0x00000000080094ca       0x36 d:/appfile/mounriver/mounriver_studio/toolchain/risc-v embedded gcc/bin/../lib/gcc/riscv-none-embed/8.2.0/../../../../riscv-none-embed/lib/rv32imac/ilp32\libg_nano.a(lib_a-writer.o)
                0x00000000080094ca                _write_r
 .text.__register_exitproc
                0x0000000008009500       0x84 d:/appfile/mounriver/mounriver_studio/toolchain/risc-v embedded gcc/bin/../lib/gcc/riscv-none-embed/8.2.0/../../../../riscv-none-embed/lib/rv32imac/ilp32\libg_nano.a(lib_a-__atexit.o)
                0x0000000008009500                __register_exitproc
 .text.__call_exitprocs
                0x0000000008009584       0xc4 d:/appfile/mounriver/mounriver_studio/toolchain/risc-v embedded gcc/bin/../lib/gcc/riscv-none-embed/8.2.0/../../../../riscv-none-embed/lib/rv32imac/ilp32\libg_nano.a(lib_a-__call_atexit.o)
                0x0000000008009584                __call_exitprocs
 *(.gnu.linkonce.t.*)

.sdata2._global_impure_ptr
                0x0000000008009648        0x4
 .sdata2._global_impure_ptr
                0x0000000008009648        0x4 d:/appfile/mounriver/mounriver_studio/toolchain/risc-v embedded gcc/bin/../lib/gcc/riscv-none-embed/8.2.0/../../../../riscv-none-embed/lib/rv32imac/ilp32\libg_nano.a(lib_a-impure.o)
                0x0000000008009648                _global_impure_ptr

.rela.dyn       0x000000000800964c        0x0
 .rela.text._write
                0x000000000800964c        0x0 ./RISCV/stubs/_exit.o
 .rela.init     0x000000000800964c        0x0 ./RISCV/stubs/_exit.o
 .rela.text.__libc_fini_array
                0x000000000800964c        0x0 ./RISCV/stubs/_exit.o
 .rela.data.impure_data
                0x000000000800964c        0x0 ./RISCV/stubs/_exit.o
 .rela.text.__libc_init_array
                0x000000000800964c        0x0 ./RISCV/stubs/_exit.o
 .rela.text._write_r
                0x000000000800964c        0x0 ./RISCV/stubs/_exit.o
 .rela.text.__register_exitproc
                0x000000000800964c        0x0 ./RISCV/stubs/_exit.o
 .rela.text.startup.register_fini
                0x000000000800964c        0x0 ./RISCV/stubs/_exit.o

.fini
 *(SORT_NONE(.fini))
                0x000000000800964c                . = ALIGN (0x4)
                [!provide]                        PROVIDE (__etext = .)
                [!provide]                        PROVIDE (_etext = .)
                [!provide]                        PROVIDE (etext = .)
                [!provide]                        PROVIDE (_eilm = .)

.preinit_array  0x000000000800964c        0x0
                0x000000000800964c                PROVIDE (__preinit_array_start = .)
 *(.preinit_array)
                0x000000000800964c                PROVIDE (__preinit_array_end = .)

.init_array     0x000000000800964c        0x4
                0x000000000800964c                PROVIDE (__init_array_start = .)
 *(SORT_BY_INIT_PRIORITY(.init_array.*) SORT_BY_INIT_PRIORITY(.ctors.*))
 .init_array.00000
                0x000000000800964c        0x4 d:/appfile/mounriver/mounriver_studio/toolchain/risc-v embedded gcc/bin/../lib/gcc/riscv-none-embed/8.2.0/../../../../riscv-none-embed/lib/rv32imac/ilp32\libg_nano.a(lib_a-__call_atexit.o)
 *(.init_array EXCLUDE_FILE(*crtend?.o *crtend.o *crtbegin?.o *crtbegin.o) .ctors)
                0x0000000008009650                PROVIDE (__init_array_end = .)

.fini_array     0x0000000008009650        0x0
                0x0000000008009650                PROVIDE (__fini_array_start = .)
 *(SORT_BY_INIT_PRIORITY(.fini_array.*) SORT_BY_INIT_PRIORITY(.dtors.*))
 *(.fini_array EXCLUDE_FILE(*crtend?.o *crtend.o *crtbegin?.o *crtbegin.o) .dtors)
                0x0000000008009650                PROVIDE (__fini_array_end = .)

.ctors
 *crtbegin.o(.ctors)
 *crtbegin?.o(.ctors)
 *(EXCLUDE_FILE(*crtend?.o *crtend.o) .ctors)
 *(SORT_BY_NAME(.ctors.*))
 *(.ctors)

.dtors
 *crtbegin.o(.dtors)
 *crtbegin?.o(.dtors)
 *(EXCLUDE_FILE(*crtend?.o *crtend.o) .dtors)
 *(SORT_BY_NAME(.dtors.*))
 *(.dtors)
                0x0000000008009650                . = ALIGN (0x4)
                [!provide]                        PROVIDE (_eilm = .)

.lalign         0x0000000008009650        0x0
                0x0000000008009650                . = ALIGN (0x4)
                0x0000000008009650                PROVIDE (_data_lma = .)

.dalign         0x0000000020000000        0x0 load address 0x0000000008009650
                0x0000000020000000                . = ALIGN (0x4)
                0x0000000020000000                PROVIDE (_data = .)

.data           0x0000000020000000       0x70 load address 0x0000000008009650
 *(.rdata)
 *(.gnu.linkonce.r.*)
 *(.data .data.*)
 .data.impure_data
                0x0000000020000000       0x60 d:/appfile/mounriver/mounriver_studio/toolchain/risc-v embedded gcc/bin/../lib/gcc/riscv-none-embed/8.2.0/../../../../riscv-none-embed/lib/rv32imac/ilp32\libg_nano.a(lib_a-impure.o)
 *(.gnu.linkonce.d.*)
                0x0000000020000060                . = ALIGN (0x8)
                0x0000000020000860                PROVIDE (__global_pointer$ = (. + 0x800))
 *(.sdata .sdata.*)
 .sdata.SystemCoreClock
                0x0000000020000060        0x4 ./GD32VF103_Peripherals/system_gd32vf103.o
                0x0000000020000060                SystemCoreClock
 .sdata._impure_ptr
                0x0000000020000064        0x4 d:/appfile/mounriver/mounriver_studio/toolchain/risc-v embedded gcc/bin/../lib/gcc/riscv-none-embed/8.2.0/../../../../riscv-none-embed/lib/rv32imac/ilp32\libg_nano.a(lib_a-impure.o)
                0x0000000020000064                _impure_ptr
 *(.gnu.linkonce.s.*)
                0x0000000020000068                . = ALIGN (0x8)
 *(.srodata.cst16)
 *(.srodata.cst8)
 *(.srodata.cst4)
 *(.srodata.cst2)
 *(.srodata .srodata.*)
 .srodata       0x0000000020000068        0x8 ./GD32VF103_Peripherals/Source/gd32vf103_rcu.o
                0x0000000020000070                . = ALIGN (0x4)
                0x0000000020000070                PROVIDE (_edata = .)
                [!provide]                        PROVIDE (edata = .)
                [!provide]                        PROVIDE (_fbss = .)
                0x0000000020000070                PROVIDE (__bss_start = .)

.bss            0x0000000020000070     0x6974
 *(.sbss*)
 .sbss.H_TS_GetDT_LastT
                0x0000000020000070        0x4 ./H_ThreadScheduler/LL/H_ThreadScheduler_LL.o
                0x0000000020000070                H_TS_GetDT_LastT
 .sbss.H_TS_RunThread
                0x0000000020000074        0x4 ./H_ThreadScheduler/LL/H_ThreadScheduler_LL.o
                0x0000000020000074                H_TS_RunThread
 .sbss.H_TS_ScheduleISR_Call
                0x0000000020000078        0x4 ./H_ThreadScheduler/LL/H_ThreadScheduler_LL.o
                0x0000000020000078                H_TS_ScheduleISR_Call
 .sbss.H_TS_Core
                0x000000002000007c        0x4 ./H_ThreadScheduler/API/H_ThreadScheduler_Core.o
                0x000000002000007c                H_TS_Core
 .sbss.Lock     0x0000000020000080        0x4 ./BSP/MemoryMalloc/MemoryMalloc_SRAM.o
 .sbss.usart0_Handle
                0x0000000020000084        0x4 ./BSP/InternalPeripherals/HAL/usart.o
                0x0000000020000084                usart0_Handle
 .sbss.I_DebugPort_IsValid
                0x0000000020000088        0x4 ./BSP/Instance/I_DebugPort.o
 .sbss.I_DebugPort_Read_Lock
                0x000000002000008c        0x4 ./BSP/Instance/I_DebugPort.o
                0x000000002000008c                I_DebugPort_Read_Lock
 .sbss.I_DebugPort_Write_Lock
                0x0000000020000090        0x4 ./BSP/Instance/I_DebugPort.o
                0x0000000020000090                I_DebugPort_Write_Lock
 .sbss.ip_rcc_Lock
                0x0000000020000094        0x4 ./BSP/Instance/Peripherals_Instence.o
                0x0000000020000094                ip_rcc_Lock
 .sbss.ip_usart0
                0x0000000020000098        0x4 ./BSP/Instance/Peripherals_Instence.o
                0x0000000020000098                ip_usart0
 .sbss.ip_usart0_Lock
                0x000000002000009c        0x4 ./BSP/Instance/Peripherals_Instence.o
                0x000000002000009c                ip_usart0_Lock
 .sbss.ip_usart0_rxdma
                0x00000000200000a0        0x4 ./BSP/Instance/Peripherals_Instence.o
                0x00000000200000a0                ip_usart0_rxdma
 .sbss.ip_usart0_txdma
                0x00000000200000a4        0x4 ./BSP/Instance/Peripherals_Instence.o
                0x00000000200000a4                ip_usart0_txdma
 .sbss.DMA0_Channel0_IRQ_Call
                0x00000000200000a8        0x8 ./Application/gd32vf103_it.o
 .sbss.DMA0_Channel1_IRQ_Call
                0x00000000200000b0        0x8 ./Application/gd32vf103_it.o
 .sbss.DMA0_Channel2_IRQ_Call
                0x00000000200000b8        0x8 ./Application/gd32vf103_it.o
 .sbss.DMA0_Channel3_IRQ_Call
                0x00000000200000c0        0x8 ./Application/gd32vf103_it.o
 .sbss.DMA0_Channel4_IRQ_Call
                0x00000000200000c8        0x8 ./Application/gd32vf103_it.o
 .sbss.DMA0_Channel5_IRQ_Call
                0x00000000200000d0        0x8 ./Application/gd32vf103_it.o
 .sbss.DMA0_Channel6_IRQ_Call
                0x00000000200000d8        0x8 ./Application/gd32vf103_it.o
 .sbss.DMA0_Channel7_IRQ_Call
                0x00000000200000e0        0x8 ./Application/gd32vf103_it.o
 .sbss.DMA1_Channel0_IRQ_Call
                0x00000000200000e8        0x8 ./Application/gd32vf103_it.o
 .sbss.DMA1_Channel1_IRQ_Call
                0x00000000200000f0        0x8 ./Application/gd32vf103_it.o
 .sbss.DMA1_Channel2_IRQ_Call
                0x00000000200000f8        0x8 ./Application/gd32vf103_it.o
 .sbss.DMA1_Channel3_IRQ_Call
                0x0000000020000100        0x8 ./Application/gd32vf103_it.o
 .sbss.DMA1_Channel4_IRQ_Call
                0x0000000020000108        0x8 ./Application/gd32vf103_it.o
 .sbss.DMA1_Channel5_IRQ_Call
                0x0000000020000110        0x8 ./Application/gd32vf103_it.o
 .sbss.DMA1_Channel6_IRQ_Call
                0x0000000020000118        0x8 ./Application/gd32vf103_it.o
 .sbss.DMA1_Channel7_IRQ_Call
                0x0000000020000120        0x8 ./Application/gd32vf103_it.o
 .sbss.SysTick_IRQ_Call
                0x0000000020000128        0x8 ./Application/gd32vf103_it.o
 .sbss.SysTick_Freq
                0x0000000020000130        0x4 ./Application/gd32xxx_Time.o
                0x0000000020000130                SysTick_Freq
 .sbss.TimeTick
                0x0000000020000134        0x4 ./Application/gd32xxx_Time.o
                0x0000000020000134                TimeTick
 .sbss.USART0_IRQ_Call
                0x0000000020000138        0x8 ./Application/gd32xxx_it.o
 .sbss._global_atexit
                0x0000000020000140        0x4 d:/appfile/mounriver/mounriver_studio/toolchain/risc-v embedded gcc/bin/../lib/gcc/riscv-none-embed/8.2.0/../../../../riscv-none-embed/lib/rv32imac/ilp32\libg_nano.a(lib_a-__call_atexit.o)
                0x0000000020000140                _global_atexit
 *(.gnu.linkonce.sb.*)
 *(.bss .bss.*)
 *fill*         0x0000000020000144        0x4 
 .bss.Mem       0x0000000020000148     0x3000 ./H_ThreadScheduler/LL/H_ThreadScheduler_Memory.o
 .bss.Mem       0x0000000020003148     0x3000 ./BSP/MemoryMalloc/MemoryMalloc_SRAM.o
 .bss._H_Printf_USART
                0x0000000020006148        0xc ./Application/H_Printf.o
                0x0000000020006148                _H_Printf_USART
 .bss.Buffer    0x0000000020006154      0x800 ./Application/main.o
 .bss._global_atexit0
                0x0000000020006954       0x8c d:/appfile/mounriver/mounriver_studio/toolchain/risc-v embedded gcc/bin/../lib/gcc/riscv-none-embed/8.2.0/../../../../riscv-none-embed/lib/rv32imac/ilp32\libg_nano.a(lib_a-__atexit.o)
 *(.gnu.linkonce.b.*)
 *(COMMON)
 COMMON         0x00000000200069e0        0x4 d:/appfile/mounriver/mounriver_studio/toolchain/risc-v embedded gcc/bin/../lib/gcc/riscv-none-embed/8.2.0/../../../../riscv-none-embed/lib/rv32imac/ilp32\libg_nano.a(lib_a-reent.o)
                0x00000000200069e0                errno
                0x00000000200069e4                . = ALIGN (0x4)
                0x00000000200069e8                . = ALIGN (0x8)
                0x00000000200069e8                PROVIDE (_end = .)
                [!provide]                        PROVIDE (end = .)

.stack          0x0000000020007800      0x800 load address 0x00000000200069e4
                0x0000000020007800                PROVIDE (_heap_end = .)
                0x0000000000000800                . = __stack_size
 *fill*         0x0000000020007800      0x800 
                0x0000000020008000                PROVIDE (_sp = .)
OUTPUT(GD32VF103CBT6.elf elf32-littleriscv)

.debug_info     0x0000000000000000    0x229e0
 .debug_info    0x0000000000000000      0x183 ./RISCV/stubs/_exit.o
 .debug_info    0x0000000000000183      0xbd5 ./RISCV/stubs/write.o
 .debug_info    0x0000000000000d58      0x1a1 ./RISCV/stubs/write_hex.o
 .debug_info    0x0000000000000ef9       0x22 ./RISCV/env_Eclipse/entry.o
 .debug_info    0x0000000000000f1b      0xbb3 ./RISCV/env_Eclipse/init.o
 .debug_info    0x0000000000001ace       0x26 ./RISCV/env_Eclipse/start.o
 .debug_info    0x0000000000001af4     0x1552 ./RISCV/drivers/n200_func.o
 .debug_info    0x0000000000003046      0xfbc ./Package/H_Stream/H_Reader.o
 .debug_info    0x0000000000004002      0x756 ./Package/H_Stream/H_Reader_Ext.o
 .debug_info    0x0000000000004758      0xb69 ./Package/H_Stream/H_Stream.o
 .debug_info    0x00000000000052c1      0xa51 ./Package/H_Stream/H_Stream_Ext.o
 .debug_info    0x0000000000005d12      0xabb ./Package/H_Stream/H_Writer.o
 .debug_info    0x00000000000067cd      0xa12 ./Package/H_Stream/H_Writer_Ext.o
 .debug_info    0x00000000000071df      0x3a6 ./Package/H_FIFO_Builder/H_FIFO_Builder.o
 .debug_info    0x0000000000007585      0xeb1 ./H_ThreadScheduler/LL/H_ThreadScheduler_LL.o
 .debug_info    0x0000000000008436       0x26 ./H_ThreadScheduler/LL/H_ThreadScheduler_LL_ASM.o
 .debug_info    0x000000000000845c     0x1074 ./H_ThreadScheduler/LL/H_ThreadScheduler_LL_Ext.o
 .debug_info    0x00000000000094d0      0x29f ./H_ThreadScheduler/LL/H_ThreadScheduler_Memory.o
 .debug_info    0x000000000000976f      0xf2c ./H_ThreadScheduler/API/H_ThreadScheduler.o
 .debug_info    0x000000000000a69b     0x101c ./H_ThreadScheduler/API/H_ThreadScheduler_BinarySemaphore.o
 .debug_info    0x000000000000b6b7      0xa49 ./H_ThreadScheduler/API/H_ThreadScheduler_Core.o
 .debug_info    0x000000000000c100     0x142a ./H_ThreadScheduler/API/H_ThreadScheduler_Ext.o
 .debug_info    0x000000000000d52a      0xf54 ./H_ThreadScheduler/API/H_ThreadScheduler_Lock.o
 .debug_info    0x000000000000e47e      0xe29 ./H_ThreadScheduler/API/H_ThreadScheduler_Thread.o
 .debug_info    0x000000000000f2a7     0x1d27 ./H_ThreadScheduler/API/H_ThreadScheduler_Thread_Ext.o
 .debug_info    0x0000000000010fce      0x3d7 ./H_Lib/H_FIFO.o
 .debug_info    0x00000000000113a5      0x44c ./H_Lib/H_FIFO_byte.o
 .debug_info    0x00000000000117f1      0x44e ./H_Lib/H_FIFO_uint16.o
 .debug_info    0x0000000000011c3f      0x44e ./H_Lib/H_FIFO_uint32.o
 .debug_info    0x000000000001208d      0x45a ./H_Lib/H_FIFO_uint64.o
 .debug_info    0x00000000000124e7      0x3c6 ./H_Lib/H_Malloc.o
 .debug_info    0x00000000000128ad      0x26c ./H_Lib/H_Memory.o
 .debug_info    0x0000000000012b19      0x416 ./H_Lib/H_MemoryMalloc.o
 .debug_info    0x0000000000012f2f     0x113e ./H_Lib/H_String.o
 .debug_info    0x000000000001406d      0xb56 ./GD32VF103_Peripherals/Source/gd32vf103_dma.o
 .debug_info    0x0000000000014bc3      0x278 ./GD32VF103_Peripherals/Source/gd32vf103_eclic.o
 .debug_info    0x0000000000014e3b      0xee5 ./GD32VF103_Peripherals/Source/gd32vf103_rcu.o
 .debug_info    0x0000000000015d20      0xcc8 ./GD32VF103_Peripherals/Source/gd32vf103_usart.o
 .debug_info    0x00000000000169e8      0x1db ./GD32VF103_Peripherals/system_gd32vf103.o
 .debug_info    0x0000000000016bc3      0x180 ./BSP/MemoryMalloc/MemoryMalloc.o
 .debug_info    0x0000000000016d43      0x670 ./BSP/MemoryMalloc/MemoryMalloc_SRAM.o
 .debug_info    0x00000000000173b3      0x2a2 ./BSP/InternalPeripherals/IP/IP_DMA_Ext.o
 .debug_info    0x0000000000017655      0xc68 ./BSP/InternalPeripherals/IP/IP_USART.o
 .debug_info    0x00000000000182bd      0xbf1 ./BSP/InternalPeripherals/IP/IP_USART_Ext.o
 .debug_info    0x0000000000018eae      0x476 ./BSP/InternalPeripherals/HAL/dma.o
 .debug_info    0x0000000000019324      0x1ed ./BSP/InternalPeripherals/HAL/gpio.o
 .debug_info    0x0000000000019511     0x15bd ./BSP/InternalPeripherals/HAL/usart.o
 .debug_info    0x000000000001aace      0xd1b ./BSP/Instance/I_DebugPort.o
 .debug_info    0x000000000001b7e9      0xbae ./BSP/Instance/Peripherals_Instence.o
 .debug_info    0x000000000001c397      0xfe0 ./BSP/Peripheral.o
 .debug_info    0x000000000001d377      0x5b2 ./Application/H_Printf.o
 .debug_info    0x000000000001d929     0x13ad ./Application/Test.o
 .debug_info    0x000000000001ecd6     0x1222 ./Application/gd32vf103_it.o
 .debug_info    0x000000000001fef8      0xfb5 ./Application/gd32xxx_Time.o
 .debug_info    0x0000000000020ead      0xc28 ./Application/gd32xxx_it.o
 .debug_info    0x0000000000021ad5      0xf0b ./Application/main.o

.debug_abbrev   0x0000000000000000     0x58bc
 .debug_abbrev  0x0000000000000000       0xd7 ./RISCV/stubs/_exit.o
 .debug_abbrev  0x00000000000000d7      0x2ad ./RISCV/stubs/write.o
 .debug_abbrev  0x0000000000000384       0xe8 ./RISCV/stubs/write_hex.o
 .debug_abbrev  0x000000000000046c       0x12 ./RISCV/env_Eclipse/entry.o
 .debug_abbrev  0x000000000000047e      0x23c ./RISCV/env_Eclipse/init.o
 .debug_abbrev  0x00000000000006ba       0x14 ./RISCV/env_Eclipse/start.o
 .debug_abbrev  0x00000000000006ce      0x3fd ./RISCV/drivers/n200_func.o
 .debug_abbrev  0x0000000000000acb      0x1f4 ./Package/H_Stream/H_Reader.o
 .debug_abbrev  0x0000000000000cbf      0x190 ./Package/H_Stream/H_Reader_Ext.o
 .debug_abbrev  0x0000000000000e4f      0x14b ./Package/H_Stream/H_Stream.o
 .debug_abbrev  0x0000000000000f9a      0x19f ./Package/H_Stream/H_Stream_Ext.o
 .debug_abbrev  0x0000000000001139      0x1ed ./Package/H_Stream/H_Writer.o
 .debug_abbrev  0x0000000000001326      0x1a1 ./Package/H_Stream/H_Writer_Ext.o
 .debug_abbrev  0x00000000000014c7      0x151 ./Package/H_FIFO_Builder/H_FIFO_Builder.o
 .debug_abbrev  0x0000000000001618      0x1a4 ./H_ThreadScheduler/LL/H_ThreadScheduler_LL.o
 .debug_abbrev  0x00000000000017bc       0x14 ./H_ThreadScheduler/LL/H_ThreadScheduler_LL_ASM.o
 .debug_abbrev  0x00000000000017d0      0x192 ./H_ThreadScheduler/LL/H_ThreadScheduler_LL_Ext.o
 .debug_abbrev  0x0000000000001962      0x151 ./H_ThreadScheduler/LL/H_ThreadScheduler_Memory.o
 .debug_abbrev  0x0000000000001ab3      0x1be ./H_ThreadScheduler/API/H_ThreadScheduler.o
 .debug_abbrev  0x0000000000001c71      0x1b8 ./H_ThreadScheduler/API/H_ThreadScheduler_BinarySemaphore.o
 .debug_abbrev  0x0000000000001e29      0x1e7 ./H_ThreadScheduler/API/H_ThreadScheduler_Core.o
 .debug_abbrev  0x0000000000002010      0x276 ./H_ThreadScheduler/API/H_ThreadScheduler_Ext.o
 .debug_abbrev  0x0000000000002286      0x190 ./H_ThreadScheduler/API/H_ThreadScheduler_Lock.o
 .debug_abbrev  0x0000000000002416      0x15a ./H_ThreadScheduler/API/H_ThreadScheduler_Thread.o
 .debug_abbrev  0x0000000000002570      0x34a ./H_ThreadScheduler/API/H_ThreadScheduler_Thread_Ext.o
 .debug_abbrev  0x00000000000028ba      0x15a ./H_Lib/H_FIFO.o
 .debug_abbrev  0x0000000000002a14      0x198 ./H_Lib/H_FIFO_byte.o
 .debug_abbrev  0x0000000000002bac      0x198 ./H_Lib/H_FIFO_uint16.o
 .debug_abbrev  0x0000000000002d44      0x198 ./H_Lib/H_FIFO_uint32.o
 .debug_abbrev  0x0000000000002edc      0x198 ./H_Lib/H_FIFO_uint64.o
 .debug_abbrev  0x0000000000003074      0x183 ./H_Lib/H_Malloc.o
 .debug_abbrev  0x00000000000031f7       0xb2 ./H_Lib/H_Memory.o
 .debug_abbrev  0x00000000000032a9      0x17c ./H_Lib/H_MemoryMalloc.o
 .debug_abbrev  0x0000000000003425      0x241 ./H_Lib/H_String.o
 .debug_abbrev  0x0000000000003666      0x1df ./GD32VF103_Peripherals/Source/gd32vf103_dma.o
 .debug_abbrev  0x0000000000003845       0xe2 ./GD32VF103_Peripherals/Source/gd32vf103_eclic.o
 .debug_abbrev  0x0000000000003927      0x234 ./GD32VF103_Peripherals/Source/gd32vf103_rcu.o
 .debug_abbrev  0x0000000000003b5b      0x1bc ./GD32VF103_Peripherals/Source/gd32vf103_usart.o
 .debug_abbrev  0x0000000000003d17       0xd6 ./GD32VF103_Peripherals/system_gd32vf103.o
 .debug_abbrev  0x0000000000003ded       0xd8 ./BSP/MemoryMalloc/MemoryMalloc.o
 .debug_abbrev  0x0000000000003ec5      0x1e7 ./BSP/MemoryMalloc/MemoryMalloc_SRAM.o
 .debug_abbrev  0x00000000000040ac      0x180 ./BSP/InternalPeripherals/IP/IP_DMA_Ext.o
 .debug_abbrev  0x000000000000422c      0x164 ./BSP/InternalPeripherals/IP/IP_USART.o
 .debug_abbrev  0x0000000000004390      0x15c ./BSP/InternalPeripherals/IP/IP_USART_Ext.o
 .debug_abbrev  0x00000000000044ec       0xec ./BSP/InternalPeripherals/HAL/dma.o
 .debug_abbrev  0x00000000000045d8       0xbb ./BSP/InternalPeripherals/HAL/gpio.o
 .debug_abbrev  0x0000000000004693      0x25f ./BSP/InternalPeripherals/HAL/usart.o
 .debug_abbrev  0x00000000000048f2      0x1a4 ./BSP/Instance/I_DebugPort.o
 .debug_abbrev  0x0000000000004a96      0x127 ./BSP/Instance/Peripherals_Instence.o
 .debug_abbrev  0x0000000000004bbd      0x1ae ./BSP/Peripheral.o
 .debug_abbrev  0x0000000000004d6b      0x174 ./Application/H_Printf.o
 .debug_abbrev  0x0000000000004edf      0x2aa ./Application/Test.o
 .debug_abbrev  0x0000000000005189      0x21c ./Application/gd32vf103_it.o
 .debug_abbrev  0x00000000000053a5      0x1e9 ./Application/gd32xxx_Time.o
 .debug_abbrev  0x000000000000558e      0x14a ./Application/gd32xxx_it.o
 .debug_abbrev  0x00000000000056d8      0x1e4 ./Application/main.o

.debug_loc      0x0000000000000000     0xc5b1
 .debug_loc     0x0000000000000000       0x1e ./RISCV/stubs/_exit.o
 .debug_loc     0x000000000000001e      0x116 ./RISCV/stubs/write.o
 .debug_loc     0x0000000000000134      0x116 ./RISCV/stubs/write_hex.o
 .debug_loc     0x000000000000024a      0x867 ./RISCV/drivers/n200_func.o
 .debug_loc     0x0000000000000ab1      0x7f1 ./Package/H_Stream/H_Reader.o
 .debug_loc     0x00000000000012a2       0xfa ./Package/H_Stream/H_Reader_Ext.o
 .debug_loc     0x000000000000139c      0x318 ./Package/H_Stream/H_Stream.o
 .debug_loc     0x00000000000016b4       0xb8 ./Package/H_Stream/H_Stream_Ext.o
 .debug_loc     0x000000000000176c      0x42c ./Package/H_Stream/H_Writer.o
 .debug_loc     0x0000000000001b98      0x105 ./Package/H_Stream/H_Writer_Ext.o
 .debug_loc     0x0000000000001c9d       0xe4 ./Package/H_FIFO_Builder/H_FIFO_Builder.o
 .debug_loc     0x0000000000001d81       0x60 ./H_ThreadScheduler/LL/H_ThreadScheduler_LL.o
 .debug_loc     0x0000000000001de1       0x42 ./H_ThreadScheduler/LL/H_ThreadScheduler_LL_Ext.o
 .debug_loc     0x0000000000001e23       0xc6 ./H_ThreadScheduler/LL/H_ThreadScheduler_Memory.o
 .debug_loc     0x0000000000001ee9      0x583 ./H_ThreadScheduler/API/H_ThreadScheduler.o
 .debug_loc     0x000000000000246c      0x5af ./H_ThreadScheduler/API/H_ThreadScheduler_BinarySemaphore.o
 .debug_loc     0x0000000000002a1b      0x8a1 ./H_ThreadScheduler/API/H_ThreadScheduler_Core.o
 .debug_loc     0x00000000000032bc      0x47b ./H_ThreadScheduler/API/H_ThreadScheduler_Ext.o
 .debug_loc     0x0000000000003737      0x4ba ./H_ThreadScheduler/API/H_ThreadScheduler_Lock.o
 .debug_loc     0x0000000000003bf1       0x86 ./H_ThreadScheduler/API/H_ThreadScheduler_Thread.o
 .debug_loc     0x0000000000003c77     0x1277 ./H_ThreadScheduler/API/H_ThreadScheduler_Thread_Ext.o
 .debug_loc     0x0000000000004eee      0x23a ./H_Lib/H_FIFO.o
 .debug_loc     0x0000000000005128      0x5cf ./H_Lib/H_FIFO_byte.o
 .debug_loc     0x00000000000056f7      0x5ef ./H_Lib/H_FIFO_uint16.o
 .debug_loc     0x0000000000005ce6      0x619 ./H_Lib/H_FIFO_uint32.o
 .debug_loc     0x00000000000062ff      0x619 ./H_Lib/H_FIFO_uint64.o
 .debug_loc     0x0000000000006918      0x662 ./H_Lib/H_Malloc.o
 .debug_loc     0x0000000000006f7a      0x1bf ./H_Lib/H_Memory.o
 .debug_loc     0x0000000000007139      0x2c6 ./H_Lib/H_MemoryMalloc.o
 .debug_loc     0x00000000000073ff     0x21b7 ./H_Lib/H_String.o
 .debug_loc     0x00000000000095b6      0xc64 ./GD32VF103_Peripherals/Source/gd32vf103_dma.o
 .debug_loc     0x000000000000a21a       0xb0 ./GD32VF103_Peripherals/Source/gd32vf103_eclic.o
 .debug_loc     0x000000000000a2ca      0x970 ./GD32VF103_Peripherals/Source/gd32vf103_rcu.o
 .debug_loc     0x000000000000ac3a      0x802 ./GD32VF103_Peripherals/Source/gd32vf103_usart.o
 .debug_loc     0x000000000000b43c      0x177 ./GD32VF103_Peripherals/system_gd32vf103.o
 .debug_loc     0x000000000000b5b3       0xa2 ./BSP/MemoryMalloc/MemoryMalloc_SRAM.o
 .debug_loc     0x000000000000b655      0x1e6 ./BSP/InternalPeripherals/IP/IP_DMA_Ext.o
 .debug_loc     0x000000000000b83b      0x282 ./BSP/InternalPeripherals/IP/IP_USART.o
 .debug_loc     0x000000000000babd      0x1a5 ./BSP/InternalPeripherals/IP/IP_USART_Ext.o
 .debug_loc     0x000000000000bc62      0x126 ./BSP/InternalPeripherals/HAL/usart.o
 .debug_loc     0x000000000000bd88      0x11c ./BSP/Instance/I_DebugPort.o
 .debug_loc     0x000000000000bea4       0x2c ./Application/H_Printf.o
 .debug_loc     0x000000000000bed0      0x44c ./Application/Test.o
 .debug_loc     0x000000000000c31c       0x83 ./Application/gd32vf103_it.o
 .debug_loc     0x000000000000c39f      0x176 ./Application/gd32xxx_Time.o
 .debug_loc     0x000000000000c515       0x9c ./Application/main.o

.debug_aranges  0x0000000000000000     0x12d0
 .debug_aranges
                0x0000000000000000       0x20 ./RISCV/stubs/_exit.o
 .debug_aranges
                0x0000000000000020       0x30 ./RISCV/stubs/write.o
 .debug_aranges
                0x0000000000000050       0x20 ./RISCV/stubs/write_hex.o
 .debug_aranges
                0x0000000000000070       0x28 ./RISCV/env_Eclipse/entry.o
 .debug_aranges
                0x0000000000000098       0x28 ./RISCV/env_Eclipse/init.o
 .debug_aranges
                0x00000000000000c0       0x20 ./RISCV/env_Eclipse/start.o
 .debug_aranges
                0x00000000000000e0      0x140 ./RISCV/drivers/n200_func.o
 .debug_aranges
                0x0000000000000220       0x68 ./Package/H_Stream/H_Reader.o
 .debug_aranges
                0x0000000000000288       0x28 ./Package/H_Stream/H_Reader_Ext.o
 .debug_aranges
                0x00000000000002b0       0x68 ./Package/H_Stream/H_Stream.o
 .debug_aranges
                0x0000000000000318       0x28 ./Package/H_Stream/H_Stream_Ext.o
 .debug_aranges
                0x0000000000000340       0x48 ./Package/H_Stream/H_Writer.o
 .debug_aranges
                0x0000000000000388       0x38 ./Package/H_Stream/H_Writer_Ext.o
 .debug_aranges
                0x00000000000003c0       0x28 ./Package/H_FIFO_Builder/H_FIFO_Builder.o
 .debug_aranges
                0x00000000000003e8       0x28 ./H_ThreadScheduler/LL/H_ThreadScheduler_LL.o
 .debug_aranges
                0x0000000000000410       0x20 ./H_ThreadScheduler/LL/H_ThreadScheduler_LL_ASM.o
 .debug_aranges
                0x0000000000000430       0x28 ./H_ThreadScheduler/LL/H_ThreadScheduler_LL_Ext.o
 .debug_aranges
                0x0000000000000458       0x40 ./H_ThreadScheduler/LL/H_ThreadScheduler_Memory.o
 .debug_aranges
                0x0000000000000498       0x28 ./H_ThreadScheduler/API/H_ThreadScheduler.o
 .debug_aranges
                0x00000000000004c0       0x40 ./H_ThreadScheduler/API/H_ThreadScheduler_BinarySemaphore.o
 .debug_aranges
                0x0000000000000500       0x60 ./H_ThreadScheduler/API/H_ThreadScheduler_Core.o
 .debug_aranges
                0x0000000000000560       0xb0 ./H_ThreadScheduler/API/H_ThreadScheduler_Ext.o
 .debug_aranges
                0x0000000000000610       0x30 ./H_ThreadScheduler/API/H_ThreadScheduler_Lock.o
 .debug_aranges
                0x0000000000000640       0x20 ./H_ThreadScheduler/API/H_ThreadScheduler_Thread.o
 .debug_aranges
                0x0000000000000660      0x100 ./H_ThreadScheduler/API/H_ThreadScheduler_Thread_Ext.o
 .debug_aranges
                0x0000000000000760       0x50 ./H_Lib/H_FIFO.o
 .debug_aranges
                0x00000000000007b0       0x38 ./H_Lib/H_FIFO_byte.o
 .debug_aranges
                0x00000000000007e8       0x38 ./H_Lib/H_FIFO_uint16.o
 .debug_aranges
                0x0000000000000820       0x38 ./H_Lib/H_FIFO_uint32.o
 .debug_aranges
                0x0000000000000858       0x38 ./H_Lib/H_FIFO_uint64.o
 .debug_aranges
                0x0000000000000890       0x38 ./H_Lib/H_Malloc.o
 .debug_aranges
                0x00000000000008c8       0x40 ./H_Lib/H_Memory.o
 .debug_aranges
                0x0000000000000908       0x30 ./H_Lib/H_MemoryMalloc.o
 .debug_aranges
                0x0000000000000938       0xc8 ./H_Lib/H_String.o
 .debug_aranges
                0x0000000000000a00       0xf8 ./GD32VF103_Peripherals/Source/gd32vf103_dma.o
 .debug_aranges
                0x0000000000000af8       0x50 ./GD32VF103_Peripherals/Source/gd32vf103_eclic.o
 .debug_aranges
                0x0000000000000b48      0x160 ./GD32VF103_Peripherals/Source/gd32vf103_rcu.o
 .debug_aranges
                0x0000000000000ca8      0x170 ./GD32VF103_Peripherals/Source/gd32vf103_usart.o
 .debug_aranges
                0x0000000000000e18       0x38 ./GD32VF103_Peripherals/system_gd32vf103.o
 .debug_aranges
                0x0000000000000e50       0x20 ./BSP/MemoryMalloc/MemoryMalloc.o
 .debug_aranges
                0x0000000000000e70       0x38 ./BSP/MemoryMalloc/MemoryMalloc_SRAM.o
 .debug_aranges
                0x0000000000000ea8       0x38 ./BSP/InternalPeripherals/IP/IP_DMA_Ext.o
 .debug_aranges
                0x0000000000000ee0       0x30 ./BSP/InternalPeripherals/IP/IP_USART.o
 .debug_aranges
                0x0000000000000f10       0x30 ./BSP/InternalPeripherals/IP/IP_USART_Ext.o
 .debug_aranges
                0x0000000000000f40       0x28 ./BSP/InternalPeripherals/HAL/dma.o
 .debug_aranges
                0x0000000000000f68       0x20 ./BSP/InternalPeripherals/HAL/gpio.o
 .debug_aranges
                0x0000000000000f88       0x38 ./BSP/InternalPeripherals/HAL/usart.o
 .debug_aranges
                0x0000000000000fc0       0x38 ./BSP/Instance/I_DebugPort.o
 .debug_aranges
                0x0000000000000ff8       0x20 ./BSP/Instance/Peripherals_Instence.o
 .debug_aranges
                0x0000000000001018       0x48 ./BSP/Peripheral.o
 .debug_aranges
                0x0000000000001060       0x30 ./Application/H_Printf.o
 .debug_aranges
                0x0000000000001090       0x50 ./Application/Test.o
 .debug_aranges
                0x00000000000010e0      0x138 ./Application/gd32vf103_it.o
 .debug_aranges
                0x0000000000001218       0x38 ./Application/gd32xxx_Time.o
 .debug_aranges
                0x0000000000001250       0x28 ./Application/gd32xxx_it.o
 .debug_aranges
                0x0000000000001278       0x58 ./Application/main.o

.debug_ranges   0x0000000000000000      0xf68
 .debug_ranges  0x0000000000000000       0x10 ./RISCV/stubs/_exit.o
 .debug_ranges  0x0000000000000010       0x20 ./RISCV/stubs/write.o
 .debug_ranges  0x0000000000000030       0x28 ./RISCV/stubs/write_hex.o
 .debug_ranges  0x0000000000000058       0x20 ./RISCV/env_Eclipse/entry.o
 .debug_ranges  0x0000000000000078       0x18 ./RISCV/env_Eclipse/init.o
 .debug_ranges  0x0000000000000090      0x130 ./RISCV/drivers/n200_func.o
 .debug_ranges  0x00000000000001c0       0x58 ./Package/H_Stream/H_Reader.o
 .debug_ranges  0x0000000000000218       0x18 ./Package/H_Stream/H_Reader_Ext.o
 .debug_ranges  0x0000000000000230       0x58 ./Package/H_Stream/H_Stream.o
 .debug_ranges  0x0000000000000288       0x18 ./Package/H_Stream/H_Stream_Ext.o
 .debug_ranges  0x00000000000002a0       0x38 ./Package/H_Stream/H_Writer.o
 .debug_ranges  0x00000000000002d8       0x28 ./Package/H_Stream/H_Writer_Ext.o
 .debug_ranges  0x0000000000000300       0x18 ./Package/H_FIFO_Builder/H_FIFO_Builder.o
 .debug_ranges  0x0000000000000318       0x18 ./H_ThreadScheduler/LL/H_ThreadScheduler_LL.o
 .debug_ranges  0x0000000000000330       0x18 ./H_ThreadScheduler/LL/H_ThreadScheduler_LL_Ext.o
 .debug_ranges  0x0000000000000348       0x30 ./H_ThreadScheduler/LL/H_ThreadScheduler_Memory.o
 .debug_ranges  0x0000000000000378       0x30 ./H_ThreadScheduler/API/H_ThreadScheduler.o
 .debug_ranges  0x00000000000003a8       0x30 ./H_ThreadScheduler/API/H_ThreadScheduler_BinarySemaphore.o
 .debug_ranges  0x00000000000003d8       0x50 ./H_ThreadScheduler/API/H_ThreadScheduler_Core.o
 .debug_ranges  0x0000000000000428       0xa0 ./H_ThreadScheduler/API/H_ThreadScheduler_Ext.o
 .debug_ranges  0x00000000000004c8       0x20 ./H_ThreadScheduler/API/H_ThreadScheduler_Lock.o
 .debug_ranges  0x00000000000004e8       0x10 ./H_ThreadScheduler/API/H_ThreadScheduler_Thread.o
 .debug_ranges  0x00000000000004f8       0xf0 ./H_ThreadScheduler/API/H_ThreadScheduler_Thread_Ext.o
 .debug_ranges  0x00000000000005e8       0x40 ./H_Lib/H_FIFO.o
 .debug_ranges  0x0000000000000628       0x28 ./H_Lib/H_FIFO_byte.o
 .debug_ranges  0x0000000000000650       0x28 ./H_Lib/H_FIFO_uint16.o
 .debug_ranges  0x0000000000000678       0x28 ./H_Lib/H_FIFO_uint32.o
 .debug_ranges  0x00000000000006a0       0x28 ./H_Lib/H_FIFO_uint64.o
 .debug_ranges  0x00000000000006c8       0x28 ./H_Lib/H_Malloc.o
 .debug_ranges  0x00000000000006f0       0x30 ./H_Lib/H_Memory.o
 .debug_ranges  0x0000000000000720       0x20 ./H_Lib/H_MemoryMalloc.o
 .debug_ranges  0x0000000000000740       0xb8 ./H_Lib/H_String.o
 .debug_ranges  0x00000000000007f8       0xe8 ./GD32VF103_Peripherals/Source/gd32vf103_dma.o
 .debug_ranges  0x00000000000008e0       0x40 ./GD32VF103_Peripherals/Source/gd32vf103_eclic.o
 .debug_ranges  0x0000000000000920      0x150 ./GD32VF103_Peripherals/Source/gd32vf103_rcu.o
 .debug_ranges  0x0000000000000a70      0x160 ./GD32VF103_Peripherals/Source/gd32vf103_usart.o
 .debug_ranges  0x0000000000000bd0       0x28 ./GD32VF103_Peripherals/system_gd32vf103.o
 .debug_ranges  0x0000000000000bf8       0x10 ./BSP/MemoryMalloc/MemoryMalloc.o
 .debug_ranges  0x0000000000000c08       0x28 ./BSP/MemoryMalloc/MemoryMalloc_SRAM.o
 .debug_ranges  0x0000000000000c30       0x28 ./BSP/InternalPeripherals/IP/IP_DMA_Ext.o
 .debug_ranges  0x0000000000000c58       0x20 ./BSP/InternalPeripherals/IP/IP_USART.o
 .debug_ranges  0x0000000000000c78       0x20 ./BSP/InternalPeripherals/IP/IP_USART_Ext.o
 .debug_ranges  0x0000000000000c98       0x18 ./BSP/InternalPeripherals/HAL/dma.o
 .debug_ranges  0x0000000000000cb0       0x10 ./BSP/InternalPeripherals/HAL/gpio.o
 .debug_ranges  0x0000000000000cc0       0x28 ./BSP/InternalPeripherals/HAL/usart.o
 .debug_ranges  0x0000000000000ce8       0x28 ./BSP/Instance/I_DebugPort.o
 .debug_ranges  0x0000000000000d10       0x10 ./BSP/Instance/Peripherals_Instence.o
 .debug_ranges  0x0000000000000d20       0x38 ./BSP/Peripheral.o
 .debug_ranges  0x0000000000000d58       0x20 ./Application/H_Printf.o
 .debug_ranges  0x0000000000000d78       0x40 ./Application/Test.o
 .debug_ranges  0x0000000000000db8      0x128 ./Application/gd32vf103_it.o
 .debug_ranges  0x0000000000000ee0       0x28 ./Application/gd32xxx_Time.o
 .debug_ranges  0x0000000000000f08       0x18 ./Application/gd32xxx_it.o
 .debug_ranges  0x0000000000000f20       0x48 ./Application/main.o

.debug_line     0x0000000000000000    0x2179c
 .debug_line    0x0000000000000000       0xfa ./RISCV/stubs/_exit.o
 .debug_line    0x00000000000000fa      0x40a ./RISCV/stubs/write.o
 .debug_line    0x0000000000000504      0x221 ./RISCV/stubs/write_hex.o
 .debug_line    0x0000000000000725       0xd7 ./RISCV/env_Eclipse/entry.o
 .debug_line    0x00000000000007fc      0x2a6 ./RISCV/env_Eclipse/init.o
 .debug_line    0x0000000000000aa2      0x175 ./RISCV/env_Eclipse/start.o
 .debug_line    0x0000000000000c17      0xf9f ./RISCV/drivers/n200_func.o
 .debug_line    0x0000000000001bb6      0xde2 ./Package/H_Stream/H_Reader.o
 .debug_line    0x0000000000002998      0x35c ./Package/H_Stream/H_Reader_Ext.o
 .debug_line    0x0000000000002cf4      0x303 ./Package/H_Stream/H_Stream.o
 .debug_line    0x0000000000002ff7      0x37b ./Package/H_Stream/H_Stream_Ext.o
 .debug_line    0x0000000000003372      0x5bc ./Package/H_Stream/H_Writer.o
 .debug_line    0x000000000000392e      0x4d5 ./Package/H_Stream/H_Writer_Ext.o
 .debug_line    0x0000000000003e03      0x1b1 ./Package/H_FIFO_Builder/H_FIFO_Builder.o
 .debug_line    0x0000000000003fb4      0x5b3 ./H_ThreadScheduler/LL/H_ThreadScheduler_LL.o
 .debug_line    0x0000000000004567      0x10c ./H_ThreadScheduler/LL/H_ThreadScheduler_LL_ASM.o
 .debug_line    0x0000000000004673      0x5df ./H_ThreadScheduler/LL/H_ThreadScheduler_LL_Ext.o
 .debug_line    0x0000000000004c52      0x20c ./H_ThreadScheduler/LL/H_ThreadScheduler_Memory.o
 .debug_line    0x0000000000004e5e     0x177b ./H_ThreadScheduler/API/H_ThreadScheduler.o
 .debug_line    0x00000000000065d9     0x1535 ./H_ThreadScheduler/API/H_ThreadScheduler_BinarySemaphore.o
 .debug_line    0x0000000000007b0e     0x10df ./H_ThreadScheduler/API/H_ThreadScheduler_Core.o
 .debug_line    0x0000000000008bed     0x1904 ./H_ThreadScheduler/API/H_ThreadScheduler_Ext.o
 .debug_line    0x000000000000a4f1     0x1256 ./H_ThreadScheduler/API/H_ThreadScheduler_Lock.o
 .debug_line    0x000000000000b747      0x60c ./H_ThreadScheduler/API/H_ThreadScheduler_Thread.o
 .debug_line    0x000000000000bd53     0x2845 ./H_ThreadScheduler/API/H_ThreadScheduler_Thread_Ext.o
 .debug_line    0x000000000000e598      0x45e ./H_Lib/H_FIFO.o
 .debug_line    0x000000000000e9f6      0xc6b ./H_Lib/H_FIFO_byte.o
 .debug_line    0x000000000000f661      0xc35 ./H_Lib/H_FIFO_uint16.o
 .debug_line    0x0000000000010296      0xbb5 ./H_Lib/H_FIFO_uint32.o
 .debug_line    0x0000000000010e4b      0xbb3 ./H_Lib/H_FIFO_uint64.o
 .debug_line    0x00000000000119fe      0xe4a ./H_Lib/H_Malloc.o
 .debug_line    0x0000000000012848      0x82c ./H_Lib/H_Memory.o
 .debug_line    0x0000000000013074      0x377 ./H_Lib/H_MemoryMalloc.o
 .debug_line    0x00000000000133eb     0x3b36 ./H_Lib/H_String.o
 .debug_line    0x0000000000016f21      0xff2 ./GD32VF103_Peripherals/Source/gd32vf103_dma.o
 .debug_line    0x0000000000017f13      0x324 ./GD32VF103_Peripherals/Source/gd32vf103_eclic.o
 .debug_line    0x0000000000018237     0x1521 ./GD32VF103_Peripherals/Source/gd32vf103_rcu.o
 .debug_line    0x0000000000019758      0xe23 ./GD32VF103_Peripherals/Source/gd32vf103_usart.o
 .debug_line    0x000000000001a57b      0x702 ./GD32VF103_Peripherals/system_gd32vf103.o
 .debug_line    0x000000000001ac7d       0xca ./BSP/MemoryMalloc/MemoryMalloc.o